141.8.184.10 - - [10/Mar/2017:07:59:43 +0200] "GET /index.php/photogalery/22-beatyfikatsiia-marty-vietskoi-2008-rik/detail/236-beatyfikatsiia-marty-vietskoi.html?tmpl=component&phocadownload=2 HTTP/1.0" 200 56404 "-" "Mozilla/5.0 (compatible; YandexImages/3.0; +http://yandex.com/bots)"
178.154.149.12 - - [10/Mar/2017:07:59:47 +0200] "GET /index.php/photogalery/33-remont-dakhu-kostelu-2012/detail/410-2012-05-23-11-35-22.html?tmpl=component&phocadownload=2 HTTP/1.0" 200 237276 "-" "Mozilla/5.0 (compatible; YandexImages/3.0; +http://yandex.com/bots)"
5.255.253.22 - - [10/Mar/2017:07:59:50 +0200] "GET /index.php/photogalery/33-remont-dakhu-kostelu-2012/detail/410-2012-05-23-11-35-22.html?tmpl=component&phocadownload=2 HTTP/1.0" 200 237276 "-" "Mozilla/5.0 (compatible; YandexBot/3.0; +http://yandex.com/bots)"
141.8.142.149 - - [10/Mar/2017:07:59:57 +0200] "GET /index.php/photogalery/34-pershe-sviate-prychastia-2012/detail/456-2012-06-06-20-46-17.html?tmpl=component&phocadownload=2 HTTP/1.0" 200 141528 "-" "Mozilla/5.0 (compatible; YandexImages/3.0; +http://yandex.com/bots)"
141.8.142.149 - - [10/Mar/2017:08:00:15 +0200] "GET /index.php/photogalery/26-palomnytstvo-do-polshchi-2008-rik/detail/285-polshcha-2008.html?tmpl=component&phocadownload=2 HTTP/1.0" 200 73152 "-" "Mozilla/5.0 (compatible; YandexImages/3.0; +http://yandex.com/bots)"
130.193.51.9 - - [10/Mar/2017:08:00:18 +0200] "GET /index.php/photogalery/40-v-urochystist-vsikh-sviatykh-na-staromu-kladovyshchi-u-chernivtsiakh-2012/detail/677-2012-11-04-21-05-31.html?tmpl=component&phocadownload=2 HTTP/1.0" 200 236973 "-" "Mozilla/5.0 (compatible; YandexImages/3.0; +http://yandex.com/bots)"
141.8.142.149 - - [10/Mar/2017:08:00:38 +0200] "GET /index.php/photogalery/15-rekolektsii-dlia-ditei-u-manovakh-polshcha-2010/detail/184-rekolektsii.html?tmpl=component&phocadownload=2 HTTP/1.0" 200 289400 "-" "Mozilla/5.0 (compatible; YandexImages/3.0; +http://yandex.com/bots)"
188.227.17.175 - - [10/Mar/2017:08:02:15 +0200] "HEAD / HTTP/1.0" 200 - "http://tradeactive.ru/" "Mozilla/5.0 (compatible; MSIE7.00; Windows 2002)"
188.227.75.192 - - [10/Mar/2017:08:02:36 +0200] "HEAD / HTTP/1.0" 200 - "http://eng-el.ru/" "Mozilla/2.0 (compatible; MSIE5.00; Windows 2008)"
164.132.161.29 - - [10/Mar/2017:08:03:07 +0200] "GET /index.php/photogalery/24-festyn-2008-rik/detail/272-festyn.html?tmpl=component&phocadownload=2 HTTP/1.0" 200 56702 "-" "Mozilla/5.0 (compatible; AhrefsBot/5.2; +http://ahrefs.com/robot/)"
5.200.52.225 - - [10/Mar/2017:08:06:49 +0200] "HEAD / HTTP/1.0" 200 - "http://www.electro-n.ru/" "Mozilla/3.0 (compatible; MSIE7.00; Windows 2003)"
66.249.76.52 - - [10/Mar/2017:08:13:33 +0200] "GET /NJaremchuk/smerichka1.html HTTP/1.0" 404 1784 "-" "Mozilla/5.0 (compatible; Googlebot/2.1; +http://www.google.com/bot.html)"
164.132.161.94 - - [10/Mar/2017:08:14:46 +0200] "GET /index.php/statti/item/330-%d0%bd%d0%b5%d0%bc%d0%b0-%d0%b9%d0%be%d0%b3%d0%be-%d1%82%d1%83%d1%82-%d0%b2%d1%96%d0%bd-%d0%b2%d0%be%d1%81%d0%ba%d1%80%d0%b5%d1%81.html HTTP/1.0" 200 17873 "-" "Mozilla/5.0 (compatible; AhrefsBot/5.2; +http://ahrefs.com/robot/)"
178.255.215.94 - - [10/Mar/2017:08:18:53 +0200] "GET /economics/1/15_1.html HTTP/1.0" 404 1784 "-" "Mozilla/5.0 (compatible; Exabot/3.0; +http://www.exabot.com/go/robot)"
141.8.184.27 - - [10/Mar/2017:08:19:24 +0200] "GET /index.php/photogalery/37-festyn-2011/detail/586-2012-07-04-15-15-01.html?tmpl=component&phocadownload=2 HTTP/1.0" 200 36794 "-" "Mozilla/5.0 (compatible; YandexImages/3.0; +http://yandex.com/bots)"
141.8.142.53 - - [10/Mar/2017:08:21:32 +0200] "GET /index.php/photogalery/24-festyn-2008-rik/detail/256-festyn.html?tmpl=component&phocadownload=2 HTTP/1.0" 200 72580 "-" "Mozilla/5.0 (compatible; YandexImages/3.0; +http://yandex.com/bots)"
68.180.230.158 - - [10/Mar/2017:08:26:30 +0200] "GET /document/4/412_1.html HTTP/1.0" 404 1784 "-" "Mozilla/5.0 (compatible; Yahoo! Slurp; http://help.yahoo.com/help/us/ysearch/slurp)"
157.55.39.167 - - [10/Mar/2017:08:30:04 +0200] "GET /document/8/442_1.html HTTP/1.0" 404 1784 "-" "Mozilla/5.0 (compatible; bingbot/2.0; +http://www.bing.com/bingbot.htm)"
51.255.65.16 - - [10/Mar/2017:08:31:13 +0200] "GET /index.php/news/item/798-sdm-u-krakovi.html HTTP/1.0" 200 18095 "-" "Mozilla/5.0 (compatible; AhrefsBot/5.2; +http://ahrefs.com/robot/)"
130.193.51.9 - - [10/Mar/2017:08:32:14 +0200] "GET /index.php/photogalery/36-rekolektsii-dlia-ditei-polshcha-brenna-2011/detail/496-2012-07-04-15-08-52.html?tmpl=component&phocadownload=2 HTTP/1.0" 200 65860 "-" "Mozilla/5.0 (compatible; YandexImages/3.0; +http://yandex.com/bots)"
157.55.39.187 - - [10/Mar/2017:08:33:01 +0200] "GET /document/6/490_1.html HTTP/1.0" 404 1784 "-" "Mozilla/5.0 (compatible; bingbot/2.0; +http://www.bing.com/bingbot.htm)"
157.55.39.187 - - [10/Mar/2017:08:34:42 +0200] "GET /document/3/14_1.html HTTP/1.0" 404 1784 "-" "Mozilla/5.0 (compatible; bingbot/2.0; +http://www.bing.com/bingbot.htm)"
157.55.39.187 - - [10/Mar/2017:08:34:54 +0200] "GET /document/3/14_1.html HTTP/1.0" 404 1784 "-" "Mozilla/5.0 (compatible; bingbot/2.0; +http://www.bing.com/bingbot.htm)"
68.180.230.158 - - [10/Mar/2017:08:40:14 +0200] "GET /vlada/oda/cina.html HTTP/1.0" 404 1784 "-" "Mozilla/5.0 (compatible; Yahoo! Slurp; http://help.yahoo.com/help/us/ysearch/slurp)"
157.55.39.44 - - [10/Mar/2017:08:41:42 +0200] "GET /document/2/221_1.html HTTP/1.0" 404 1784 "-" "Mozilla/5.0 (compatible; bingbot/2.0; +http://www.bing.com/bingbot.htm)"
178.159.43.212 - - [10/Mar/2017:08:44:21 +0200] "HEAD / HTTP/1.0" 200 - "http://autoua.top" "Mozilla/6.0 (compatible; MSIE7.00; Windows 2007)"
185.154.13.6 - - [10/Mar/2017:08:44:21 +0200] "HEAD / HTTP/1.0" 200 - "http://gamesua.top/" "Mozilla/5.0 (compatible; MSIE2.00; Windows 2003)"
217.69.133.70 - - [10/Mar/2017:08:53:52 +0200] "GET /robots.txt HTTP/1.0" 200 1151 "-" "Mozilla/5.0 (compatible; Linux x86_64; Mail.RU_Bot/2.0; +http://go.mail.ru/help/robots)"
217.69.133.236 - - [10/Mar/2017:08:53:57 +0200] "GET /robots.txt HTTP/1.0" 200 1151 "-" "Mozilla/5.0 (compatible; Linux x86_64; Mail.RU_Bot/2.0; +http://go.mail.ru/help/robots)"
217.69.133.234 - - [10/Mar/2017:08:54:01 +0200] "GET /cgi-bin/tour/comments.cgi?cat_id=6&id=39 HTTP/1.0" 404 - "-" "Mozilla/5.0 (compatible; Linux x86_64; Mail.RU_Bot/2.0; +http://go.mail.ru/help/robots)"
217.69.133.240 - - [10/Mar/2017:08:54:06 +0200] "GET /cgi-bin/economics/view.cgi?cat_id=1&id=32&print=1 HTTP/1.0" 404 - "-" "Mozilla/5.0 (compatible; Linux x86_64; Mail.RU_Bot/2.0; +http://go.mail.ru/help/robots)"
217.69.133.235 - - [10/Mar/2017:08:54:10 +0200] "GET /cgi-bin/economics/view.cgi?cat_id=1&id=29&print=1 HTTP/1.0" 404 - "-" "Mozilla/5.0 (compatible; Linux x86_64; Mail.RU_Bot/2.0; +http://go.mail.ru/help/robots)"
217.69.133.238 - - [10/Mar/2017:08:54:14 +0200] "GET /cgi-bin/economics/view.cgi?cat_id=1&id=40&print=1 HTTP/1.0" 404 - "-" "Mozilla/5.0 (compatible; Linux x86_64; Mail.RU_Bot/2.0; +http://go.mail.ru/help/robots)"
217.69.133.235 - - [10/Mar/2017:08:54:19 +0200] "GET /cgi-bin/economics/view.cgi?cat_id=1&id=11&print=1 HTTP/1.0" 404 - "-" "Mozilla/5.0 (compatible; Linux x86_64; Mail.RU_Bot/2.0; +http://go.mail.ru/help/robots)"
217.69.133.239 - - [10/Mar/2017:08:54:24 +0200] "GET /bukovina/10/84_1.html HTTP/1.0" 404 1784 "-" "Mozilla/5.0 (compatible; Linux x86_64; Mail.RU_Bot/2.0; +http://go.mail.ru/help/robots)"
217.69.133.240 - - [10/Mar/2017:08:54:28 +0200] "GET /tour/1/58_1.html HTTP/1.0" 404 1784 "-" "Mozilla/5.0 (compatible; Linux x86_64; Mail.RU_Bot/2.0; +http://go.mail.ru/help/robots)"
217.69.133.234 - - [10/Mar/2017:08:54:33 +0200] "GET /bukovina/5/index.html HTTP/1.0" 404 1784 "-" "Mozilla/5.0 (compatible; Linux x86_64; Mail.RU_Bot/2.0; +http://go.mail.ru/help/robots)"
217.69.133.238 - - [10/Mar/2017:08:54:37 +0200] "GET /doc/program/41.html HTTP/1.0" 404 1784 "-" "Mozilla/5.0 (compatible; Linux x86_64; Mail.RU_Bot/2.0; +http://go.mail.ru/help/robots)"
217.69.133.236 - - [10/Mar/2017:08:54:42 +0200] "GET /Health/Org4_6.htm HTTP/1.0" 404 1784 "-" "Mozilla/5.0 (compatible; Linux x86_64; Mail.RU_Bot/2.0; +http://go.mail.ru/help/robots)"
217.69.133.238 - - [10/Mar/2017:08:54:46 +0200] "GET /document/13index.html HTTP/1.0" 404 1784 "-" "Mozilla/5.0 (compatible; Linux x86_64; Mail.RU_Bot/2.0; +http://go.mail.ru/help/robots)"
217.69.133.70 - - [10/Mar/2017:08:54:51 +0200] "GET /document/6/284_1.html HTTP/1.0" 404 1784 "-" "Mozilla/5.0 (compatible; Linux x86_64; Mail.RU_Bot/2.0; +http://go.mail.ru/help/robots)"
217.69.133.240 - - [10/Mar/2017:08:54:56 +0200] "GET /document/2/199_1.html HTTP/1.0" 404 1784 "-" "Mozilla/5.0 (compatible; Linux x86_64; Mail.RU_Bot/2.0; +http://go.mail.ru/help/robots)"
217.69.133.238 - - [10/Mar/2017:08:55:01 +0200] "GET /Hotyn1000/pivovarov.htm HTTP/1.0" 404 1784 "-" "Mozilla/5.0 (compatible; Linux x86_64; Mail.RU_Bot/2.0; +http://go.mail.ru/help/robots)"
217.69.133.236 - - [10/Mar/2017:08:55:06 +0200] "GET /document/2/40_1.html HTTP/1.0" 404 1784 "-" "Mozilla/5.0 (compatible; Linux x86_64; Mail.RU_Bot/2.0; +http://go.mail.ru/help/robots)"
217.69.133.238 - - [10/Mar/2017:08:55:11 +0200] "GET /document/6/300_1.html HTTP/1.0" 404 1784 "-" "Mozilla/5.0 (compatible; Linux x86_64; Mail.RU_Bot/2.0; +http://go.mail.ru/help/robots)"
217.69.133.236 - - [10/Mar/2017:08:55:16 +0200] "GET /tender/1/1_1.html HTTP/1.0" 404 1784 "-" "Mozilla/5.0 (compatible; Linux x86_64; Mail.RU_Bot/2.0; +http://go.mail.ru/help/robots)"
217.69.133.236 - - [10/Mar/2017:08:55:21 +0200] "GET /invest/doc/3/7_1.html HTTP/1.0" 404 1784 "-" "Mozilla/5.0 (compatible; Linux x86_64; Mail.RU_Bot/2.0; +http://go.mail.ru/help/robots)"
217.69.133.236 - - [10/Mar/2017:08:55:26 +0200] "GET /document/4/421_1.html HTTP/1.0" 404 1784 "-" "Mozilla/5.0 (compatible; Linux x86_64; Mail.RU_Bot/2.0; +http://go.mail.ru/help/robots)"
217.69.133.238 - - [10/Mar/2017:08:55:31 +0200] "GET /document/8/261_2.html HTTP/1.0" 404 1784 "-" "Mozilla/5.0 (compatible; Linux x86_64; Mail.RU_Bot/2.0; +http://go.mail.ru/help/robots)"
217.69.133.240 - - [10/Mar/2017:08:55:37 +0200] "GET /cgi-bin/document/view.cgi?cat_id=2&id=145&print=1 HTTP/1.0" 404 - "-" "Mozilla/5.0 (compatible; Linux x86_64; Mail.RU_Bot/2.0; +http://go.mail.ru/help/robots)"
217.69.133.235 - - [10/Mar/2017:08:55:43 +0200] "GET /Health/Page1.htm HTTP/1.0" 404 1784 "-" "Mozilla/5.0 (compatible; Linux x86_64; Mail.RU_Bot/2.0; +http://go.mail.ru/help/robots)"
217.69.133.70 - - [10/Mar/2017:08:55:48 +0200] "GET /economics/1/31_1.html HTTP/1.0" 404 1784 "-" "Mozilla/5.0 (compatible; Linux x86_64; Mail.RU_Bot/2.0; +http://go.mail.ru/help/robots)"
217.69.133.234 - - [10/Mar/2017:08:55:54 +0200] "GET /tour/3/54_1.html HTTP/1.0" 404 1784 "-" "Mozilla/5.0 (compatible; Linux x86_64; Mail.RU_Bot/2.0; +http://go.mail.ru/help/robots)"
217.69.133.235 - - [10/Mar/2017:08:55:59 +0200] "GET /document/6/504_1.html HTTP/1.0" 404 1784 "-" "Mozilla/5.0 (compatible; Linux x86_64; Mail.RU_Bot/2.0; +http://go.mail.ru/help/robots)"
217.69.133.237 - - [10/Mar/2017:08:56:05 +0200] "GET /Health/Org4_8.htm HTTP/1.0" 404 1784 "-" "Mozilla/5.0 (compatible; Linux x86_64; Mail.RU_Bot/2.0; +http://go.mail.ru/help/robots)"
217.69.133.235 - - [10/Mar/2017:08:56:10 +0200] "GET /bukovina/8/70_1.html HTTP/1.0" 404 1784 "-" "Mozilla/5.0 (compatible; Linux x86_64; Mail.RU_Bot/2.0; +http://go.mail.ru/help/robots)"
217.69.133.237 - - [10/Mar/2017:08:56:16 +0200] "GET /tour/4/59_1.html HTTP/1.0" 404 1784 "-" "Mozilla/5.0 (compatible; Linux x86_64; Mail.RU_Bot/2.0; +http://go.mail.ru/help/robots)"
217.69.133.70 - - [10/Mar/2017:08:56:22 +0200] "GET /Hotyn1000/uhvala_cong.html HTTP/1.0" 404 1784 "-" "Mozilla/5.0 (compatible; Linux x86_64; Mail.RU_Bot/2.0; +http://go.mail.ru/help/robots)"
217.69.133.237 - - [10/Mar/2017:08:56:29 +0200] "GET /Tourizm/pp/ph_b.html HTTP/1.0" 404 1784 "-" "Mozilla/5.0 (compatible; Linux x86_64; Mail.RU_Bot/2.0; +http://go.mail.ru/help/robots)"
217.69.133.237 - - [10/Mar/2017:08:56:36 +0200] "GET /NJaremchuk/virshi.html HTTP/1.0" 404 1784 "-" "Mozilla/5.0 (compatible; Linux x86_64; Mail.RU_Bot/2.0; +http://go.mail.ru/help/robots)"
217.69.133.238 - - [10/Mar/2017:08:56:41 +0200] "GET /NJaremchuk HTTP/1.0" 404 1784 "-" "Mozilla/5.0 (compatible; Linux x86_64; Mail.RU_Bot/2.0; +http://go.mail.ru/help/robots)"
217.69.133.234 - - [10/Mar/2017:08:56:48 +0200] "GET /Hotyn1000/danilov.html HTTP/1.0" 404 1784 "-" "Mozilla/5.0 (compatible; Linux x86_64; Mail.RU_Bot/2.0; +http://go.mail.ru/help/robots)"
217.69.133.238 - - [10/Mar/2017:08:56:53 +0200] "GET /document/2/98_1.html HTTP/1.0" 404 1784 "-" "Mozilla/5.0 (compatible; Linux x86_64; Mail.RU_Bot/2.0; +http://go.mail.ru/help/robots)"
217.69.133.234 - - [10/Mar/2017:08:56:58 +0200] "GET /Tourizm/pp/ph_ge.html HTTP/1.0" 404 1784 "-" "Mozilla/5.0 (compatible; Linux x86_64; Mail.RU_Bot/2.0; +http://go.mail.ru/help/robots)"
217.69.133.240 - - [10/Mar/2017:08:57:03 +0200] "GET /Hotyn1000/foto1.html HTTP/1.0" 404 1784 "-" "Mozilla/5.0 (compatible; Linux x86_64; Mail.RU_Bot/2.0; +http://go.mail.ru/help/robots)"
157.55.39.44 - - [10/Mar/2017:08:57:04 +0200] "GET /bukovina/10/index.html HTTP/1.0" 404 1784 "-" "Mozilla/5.0 (iPhone; CPU iPhone OS 7_0 like Mac OS X) AppleWebKit/537.51.1 (KHTML, like Gecko) Version/7.0 Mobile/11A465 Safari/9537.53 (compatible; bingbot/2.0; +http://www.bing.com/bingbot.htm)"
217.69.133.234 - - [10/Mar/2017:08:57:09 +0200] "GET /obl/buk/sokyr.html HTTP/1.0" 404 1784 "-" "Mozilla/5.0 (compatible; Linux x86_64; Mail.RU_Bot/2.0; +http://go.mail.ru/help/robots)"
217.69.133.234 - - [10/Mar/2017:08:57:14 +0200] "GET /invest/doc/4/34_1.html HTTP/1.0" 404 1784 "-" "Mozilla/5.0 (compatible; Linux x86_64; Mail.RU_Bot/2.0; +http://go.mail.ru/help/robots)"
217.69.133.237 - - [10/Mar/2017:08:57:20 +0200] "GET /document/6/453_1.html HTTP/1.0" 404 1784 "-" "Mozilla/5.0 (compatible; Linux x86_64; Mail.RU_Bot/2.0; +http://go.mail.ru/help/robots)"
217.69.133.238 - - [10/Mar/2017:08:57:25 +0200] "GET /tender/2/16_1.html HTTP/1.0" 404 1784 "-" "Mozilla/5.0 (compatible; Linux x86_64; Mail.RU_Bot/2.0; +http://go.mail.ru/help/robots)"
217.69.133.234 - - [10/Mar/2017:08:57:30 +0200] "GET /invest/doc/3/13_1.html HTTP/1.0" 404 1784 "-" "Mozilla/5.0 (compatible; Linux x86_64; Mail.RU_Bot/2.0; +http://go.mail.ru/help/robots)"
217.69.133.236 - - [10/Mar/2017:08:57:35 +0200] "GET /Hotyn1000/book.html HTTP/1.0" 404 1784 "-" "Mozilla/5.0 (compatible; Linux x86_64; Mail.RU_Bot/2.0; +http://go.mail.ru/help/robots)"
217.69.133.239 - - [10/Mar/2017:08:57:41 +0200] "GET /Hotyn1000/osetrova.html HTTP/1.0" 404 1784 "-" "Mozilla/5.0 (compatible; Linux x86_64; Mail.RU_Bot/2.0; +http://go.mail.ru/help/robots)"
217.69.133.239 - - [10/Mar/2017:08:57:46 +0200] "GET /vlada/rada/vij_rad.html HTTP/1.0" 404 1784 "-" "Mozilla/5.0 (compatible; Linux x86_64; Mail.RU_Bot/2.0; +http://go.mail.ru/help/robots)"
217.69.133.239 - - [10/Mar/2017:08:57:51 +0200] "GET /bukovina/6/41_1.html HTTP/1.0" 404 1784 "-" "Mozilla/5.0 (compatible; Linux x86_64; Mail.RU_Bot/2.0; +http://go.mail.ru/help/robots)"
217.69.133.236 - - [10/Mar/2017:08:57:56 +0200] "GET /NJaremchuk/krychenko.html HTTP/1.0" 404 1784 "-" "Mozilla/5.0 (compatible; Linux x86_64; Mail.RU_Bot/2.0; +http://go.mail.ru/help/robots)"
217.69.133.240 - - [10/Mar/2017:08:58:01 +0200] "GET /document/5/427_1.html HTTP/1.0" 404 1784 "-" "Mozilla/5.0 (compatible; Linux x86_64; Mail.RU_Bot/2.0; +http://go.mail.ru/help/robots)"
217.69.133.240 - - [10/Mar/2017:08:58:06 +0200] "GET /invest/doc/4/45_1.html HTTP/1.0" 404 1784 "-" "Mozilla/5.0 (compatible; Linux x86_64; Mail.RU_Bot/2.0; +http://go.mail.ru/help/robots)"
217.69.133.237 - - [10/Mar/2017:08:58:11 +0200] "GET /document/2/313_1.html HTTP/1.0" 404 1784 "-" "Mozilla/5.0 (compatible; Linux x86_64; Mail.RU_Bot/2.0; +http://go.mail.ru/help/robots)"
217.69.133.240 - - [10/Mar/2017:08:58:16 +0200] "GET /ekonomika/energy.html HTTP/1.0" 404 1784 "-" "Mozilla/5.0 (compatible; Linux x86_64; Mail.RU_Bot/2.0; +http://go.mail.ru/help/robots)"
217.69.133.70 - - [10/Mar/2017:08:58:22 +0200] "GET /vlada/oda/golova.html HTTP/1.0" 404 1784 "-" "Mozilla/5.0 (compatible; Linux x86_64; Mail.RU_Bot/2.0; +http://go.mail.ru/help/robots)"
217.69.133.236 - - [10/Mar/2017:08:58:27 +0200] "GET /NJaremchuk/olena.html HTTP/1.0" 404 1784 "-" "Mozilla/5.0 (compatible; Linux x86_64; Mail.RU_Bot/2.0; +http://go.mail.ru/help/robots)"
217.69.133.235 - - [10/Mar/2017:08:58:33 +0200] "GET /document/6/418_1.html HTTP/1.0" 404 1784 "-" "Mozilla/5.0 (compatible; Linux x86_64; Mail.RU_Bot/2.0; +http://go.mail.ru/help/robots)"
217.69.133.240 - - [10/Mar/2017:08:58:38 +0200] "GET /invest/doc/8/77_1.html HTTP/1.0" 404 1784 "-" "Mozilla/5.0 (compatible; Linux x86_64; Mail.RU_Bot/2.0; +http://go.mail.ru/help/robots)"
217.69.133.239 - - [10/Mar/2017:08:58:43 +0200] "GET /document/1/297_1.html HTTP/1.0" 404 1784 "-" "Mozilla/5.0 (compatible; Linux x86_64; Mail.RU_Bot/2.0; +http://go.mail.ru/help/robots)"
217.69.133.237 - - [10/Mar/2017:08:58:48 +0200] "GET /vlada/index.html HTTP/1.0" 404 1784 "-" "Mozilla/5.0 (compatible; Linux x86_64; Mail.RU_Bot/2.0; +http://go.mail.ru/help/robots)"
217.69.133.235 - - [10/Mar/2017:08:58:52 +0200] "GET /document/2/236_1.html HTTP/1.0" 404 1784 "-" "Mozilla/5.0 (compatible; Linux x86_64; Mail.RU_Bot/2.0; +http://go.mail.ru/help/robots)"
217.69.133.70 - - [10/Mar/2017:08:58:55 +0200] "GET /tour/2/25_1.html HTTP/1.0" 404 1784 "-" "Mozilla/5.0 (compatible; Linux x86_64; Mail.RU_Bot/2.0; +http://go.mail.ru/help/robots)"
217.69.133.240 - - [10/Mar/2017:08:58:59 +0200] "GET /bukovina/13/48_1.html HTTP/1.0" 404 1784 "-" "Mozilla/5.0 (compatible; Linux x86_64; Mail.RU_Bot/2.0; +http://go.mail.ru/help/robots)"
217.69.133.234 - - [10/Mar/2017:08:59:03 +0200] "GET /bukovina/4/39_1.html HTTP/1.0" 404 1784 "-" "Mozilla/5.0 (compatible; Linux x86_64; Mail.RU_Bot/2.0; +http://go.mail.ru/help/robots)"
217.69.133.237 - - [10/Mar/2017:08:59:06 +0200] "GET /economics/6/17_1.html HTTP/1.0" 404 1784 "-" "Mozilla/5.0 (compatible; Linux x86_64; Mail.RU_Bot/2.0; +http://go.mail.ru/help/robots)"
217.69.133.237 - - [10/Mar/2017:08:59:09 +0200] "GET /bukovina/11/33_1.html HTTP/1.0" 404 1784 "-" "Mozilla/5.0 (compatible; Linux x86_64; Mail.RU_Bot/2.0; +http://go.mail.ru/help/robots)"
217.69.133.239 - - [10/Mar/2017:08:59:13 +0200] "GET /document/2/122_1.html HTTP/1.0" 404 1784 "-" "Mozilla/5.0 (compatible; Linux x86_64; Mail.RU_Bot/2.0; +http://go.mail.ru/help/robots)"
217.69.133.235 - - [10/Mar/2017:08:59:16 +0200] "GET /economics/3/index.html HTTP/1.0" 404 1784 "-" "Mozilla/5.0 (compatible; Linux x86_64; Mail.RU_Bot/2.0; +http://go.mail.ru/help/robots)"
217.69.133.236 - - [10/Mar/2017:08:59:19 +0200] "GET /document/2/450_1.html HTTP/1.0" 404 1784 "-" "Mozilla/5.0 (compatible; Linux x86_64; Mail.RU_Bot/2.0; +http://go.mail.ru/help/robots)"
217.69.133.236 - - [10/Mar/2017:08:59:22 +0200] "GET /Tourizm/ukr/u_stor.html HTTP/1.0" 404 1784 "-" "Mozilla/5.0 (compatible; Linux x86_64; Mail.RU_Bot/2.0; +http://go.mail.ru/help/robots)"
217.69.133.237 - - [10/Mar/2017:08:59:26 +0200] "GET /document/5/439_1.html HTTP/1.0" 404 1784 "-" "Mozilla/5.0 (compatible; Linux x86_64; Mail.RU_Bot/2.0; +http://go.mail.ru/help/robots)"
217.69.133.240 - - [10/Mar/2017:08:59:29 +0200] "GET /tour/1/index.html HTTP/1.0" 404 1784 "-" "Mozilla/5.0 (compatible; Linux x86_64; Mail.RU_Bot/2.0; +http://go.mail.ru/help/robots)"
217.69.133.234 - - [10/Mar/2017:08:59:32 +0200] "GET /archive/news_arch.php?page=298 HTTP/1.0" 404 1784 "-" "Mozilla/5.0 (compatible; Linux x86_64; Mail.RU_Bot/2.0; +http://go.mail.ru/help/robots)"
217.69.133.70 - - [10/Mar/2017:08:59:34 +0200] "GET /archive/news_arch.php HTTP/1.0" 404 1784 "-" "Mozilla/5.0 (compatible; Linux x86_64; Mail.RU_Bot/2.0; +http://go.mail.ru/help/robots)"
157.55.39.167 - - [10/Mar/2017:09:00:07 +0200] "GET /Tourizm/eng/e_vizhn.html HTTP/1.0" 404 1784 "-" "Mozilla/5.0 (iPhone; CPU iPhone OS 7_0 like Mac OS X) AppleWebKit/537.51.1 (KHTML, like Gecko) Version/7.0 Mobile/11A465 Safari/9537.53 (compatible; bingbot/2.0; +http://www.bing.com/bingbot.htm)"
51.255.65.7 - - [10/Mar/2017:09:01:34 +0200] "GET /index.php/photogalery/43-urochystist-bozhoho-tila-2013/detail/750-2013-06-03-08-26-56.html?tmpl=component&phocadownload=2 HTTP/1.0" 200 247256 "-" "Mozilla/5.0 (compatible; AhrefsBot/5.2; +http://ahrefs.com/robot/)"
180.76.15.32 - - [10/Mar/2017:09:01:59 +0200] "GET /index.php/oholoshennia/item/845-parafiyalni-ogoloshennya-vid-26-lyutogo-2017-roku.html HTTP/1.0" 200 14976 "-" "Mozilla/5.0 (compatible; Baiduspider/2.0; +http://www.baidu.com/search/spider.html)"
51.255.65.45 - - [10/Mar/2017:09:02:38 +0200] "GET /index.php/oholoshennia/item/572-parafiyalni-ogoloshennya-vid-20-kvitnya-2014-roku.html?tmpl=component&print=1 HTTP/1.0" 200 4933 "-" "Mozilla/5.0 (compatible; AhrefsBot/5.2; +http://ahrefs.com/robot/)"
141.8.184.27 - - [10/Mar/2017:09:04:03 +0200] "GET /robots.txt HTTP/1.0" 200 1151 "-" "Mozilla/5.0 (compatible; YandexBot/3.0; +http://yandex.com/bots)"
141.8.184.27 - - [10/Mar/2017:09:04:07 +0200] "GET / HTTP/1.0" 200 16678 "-" "Mozilla/5.0 (compatible; YandexCatalog/3.0; +http://yandex.com/bots)"
163.172.64.199 - - [10/Mar/2017:09:05:38 +0200] "GET /index.php/photogalery/23-sviato-bozhoho-tila-2008-rik/detail/245-sviato-bozhoho-tila.html?tmpl=component HTTP/1.0" 200 2233 "-" "Mozilla/5.0 (compatible; AhrefsBot/5.2; +http://ahrefs.com/robot/)"
82.207.119.94 - - [10/Mar/2017:09:05:50 +0200] "GET / HTTP/1.0" 200 16627 "-" "Mozilla/5.0 (Windows NT 5.1; rv:51.0) Gecko/20100101 Firefox/51.0"
180.76.15.162 - - [10/Mar/2017:09:06:48 +0200] "GET /robots.txt HTTP/1.0" 200 1151 "-" "Mozilla/5.0 (Windows NT 5.1; rv:6.0.2) Gecko/20100101 Firefox/6.0.2"
180.76.15.6 - - [10/Mar/2017:09:06:48 +0200] "GET /robots.txt HTTP/1.0" 200 1151 "-" "Mozilla/5.0 (Windows NT 5.1; rv:6.0.2) Gecko/20100101 Firefox/6.0.2"
82.207.119.94 - - [10/Mar/2017:09:07:39 +0200] "GET /administrator HTTP/1.0" 301 365 "-" "Mozilla/5.0 (Windows NT 5.1; rv:51.0) Gecko/20100101 Firefox/51.0"
82.207.119.94 - - [10/Mar/2017:09:07:45 +0200] "GET /administrator/ HTTP/1.0" 200 2771 "-" "Mozilla/5.0 (Windows NT 5.1; rv:51.0) Gecko/20100101 Firefox/51.0"
164.132.161.93 - - [10/Mar/2017:09:07:46 +0200] "GET /index.php/photogalery/9-velykden-2012/detail/137-velykden-2012.html?tmpl=component&phocadownload=2 HTTP/1.0" 200 229329 "-" "Mozilla/5.0 (compatible; AhrefsBot/5.2; +http://ahrefs.com/robot/)"
82.207.119.94 - - [10/Mar/2017:09:09:09 +0200] "POST /administrator/index.php HTTP/1.0" 303 - "http://www.rkc.cv.ua/administrator/" "Mozilla/5.0 (Windows NT 5.1; rv:51.0) Gecko/20100101 Firefox/51.0"
82.207.119.94 - - [10/Mar/2017:09:09:10 +0200] "GET /administrator/index.php HTTP/1.0" 200 10483 "http://www.rkc.cv.ua/administrator/" "Mozilla/5.0 (Windows NT 5.1; rv:51.0) Gecko/20100101 Firefox/51.0"
82.207.119.94 - - [10/Mar/2017:09:09:21 +0200] "POST /administrator/index.php?option=com_installer&view=update&task=update.ajax HTTP/1.0" 200 2 "http://www.rkc.cv.ua/administrator/index.php" "Mozilla/5.0 (Windows NT 5.1; rv:51.0) Gecko/20100101 Firefox/51.0"
82.207.119.94 - - [10/Mar/2017:09:09:24 +0200] "POST /administrator/index.php?option=com_installer&view=update&task=update.ajax HTTP/1.0" 200 2 "http://www.rkc.cv.ua/administrator/index.php" "Mozilla/5.0 (Windows NT 5.1; rv:51.0) Gecko/20100101 Firefox/51.0"
95.221.248.142 - - [10/Mar/2017:09:13:29 +0200] "GET /index.php?start=30 HTTP/1.0" 302 - "http://yandex.ru/clck/jsredir?from=yandex.ru%3Bsearch%3Bweb%3B%3B&text=&etext=1356.mYEx34PXQ89Bl4iFtfVu05dL-pgox-QzZpdSh4-vTyNDNYfmqbKVZOoKzaIDPDyF.9ea82a43d6f6311b9675d73e48a67006a5488040&uuid=&state=_BLhILn4SxNIvvL0W45KSic66uCIg23qh8iRG98qeIXmeppkgUc0YFUVNhHyyhJgRFg5yeLMIWU&data=UlNrNmk5WktYejR0eWJFYk1Ldmtxbl9FREZ3eVNHckhtbEhqMFNfUXo3a01OVWdrRFFkZXRhS2FubXF2cllWc2E3V1AwV3VBZ3ZPbnNFUnBuOTc4a2txSnhUUWt4TEtpbGVxLWx6R0JMcGJiTnFMTEdnVUMtd1o1RGxCUnBfRE8&b64e=2&sign=1f1d6b5ce4efe8a4bb1c0f65c9399956&keyno=0&cst=AiuY0DBWFJ7IXge4WdYJQYpgPUyh7uQl6xK4Gy0GsvtfaR2YfpAR_evhTLP9HzHYMvvCfQI5Ap-3g8B12K-ISCJgm4Pfzu7HCskhDvyrTW8NnhCcJ97Dt2CQly_n0w30pqV8m3jSkR3M-FWoxEhWC29way0miLpS&ref=orjY4mGPRjk5boDnW0uvlrrd71vZw9kp5uQozpMtKCUPlG4bHKQJvOxFdZfTMoETFEKMUM1NSirE_wI-K66BJZu9IibmqxJePT7VlMKzhgX9cTKSZZD5Eg&l10n=ru&cts=1489129368546&mc=1.56150480324" "Mozilla/5.0 (Windows NT 6.1) AppleWebKit/537.36 (KHTML, like Gecko) Chrome/30.0.1599.101 Safari/537.36 OPR/17.0.1241.53"
51.255.65.7 - - [10/Mar/2017:09:16:02 +0200] "GET /index.php/news/item/500-vruchennya-rozariyiv.html?tmpl=component&print=1 HTTP/1.0" 200 2924 "-" "Mozilla/5.0 (compatible; AhrefsBot/5.2; +http://ahrefs.com/robot/)"
141.8.184.27 - - [10/Mar/2017:09:16:53 +0200] "GET /index.php/photogalery/6-khresna-doroha-vulytsiamy-chernivtsiv-2012-rik/detail/82-khresna-doroha-vulytsiamy-chernivtsiv-2012-rik.html?tmpl=component&phocadownload=2 HTTP/1.0" 200 163135 "-" "Mozilla/5.0 (compatible; YandexImages/3.0; +http://yandex.com/bots)"
195.133.48.121 - - [10/Mar/2017:09:20:20 +0200] "HEAD / HTTP/1.0" 302 - "https://carivka.com.ua/otdykh-i-razvlecheniya/master-klassy/68-master-klass-ice-cream.html" "Mozilla/7.0 (compatible; MSIE6.00; Windows 2009)"
77.121.116.60 - - [10/Mar/2017:09:20:54 +0200] "GET /index.php/statti/item/423-girki-zhali.html HTTP/1.0" 302 - "http://www.yandex.ua/clck/jsredir?from=www.yandex.ua%3Byandsearch%3Bweb%3B%3B&text=&etext=1355.ko7z2yz9znEs53-DyNHH-RD1sIdOfcvyaKPtzYMAG_FQ07Bus8GrHEPVlUkIFlYhNvEbBjUrmCnsgIuxgG64dA.7fd92f42f31ec4688f83a3b2b54420b89aabf077&uuid=&state=PEtFfuTeVD5kpHnK9lio9WCnKp0DidhEKpiDEeQH_O9YI8TdD27791YsGsX6t97sv9bnykFJOpPJeUBQMoSZaOHhXGDFOhgT4ghtC6zr9sg&data=UlNrNmk5WktYejR0eWJFYk1Ldmtxbl9FREZ3eVNHckhtbEhqMFNfUXo3a01OVWdrRFFkZXRjM2ZUMEU4Rm1LUzk4eGt5ZjN6UmVqSXJuTDR3S2ppbGk4aUZreWxWMUZCV3c0SHJTZDN3TzJLLXF3cy1Jb0k4VDNLUUdaMkVvM1dNUGR4dmk0RHRRX1lkUWl5VlFaRnlhR0NVRk1YbGpZbg&b64e=2&sign=9bb38d225a34e47ee9a3da76748a7656&keyno=0&cst=AiuY0DBWFJ4RhQyBNHa0izcK_-Joxm6FygzNTj9e5Z1cYket0yJys-jRj4MpeTe8EqNvLv_w5Oh2JRcxkfW3pjcWKnnMvhfd7BlZsRMPuDSIAmxln_mVjby3yOhSPNU4uKR4O-rGShBhOuazrwVC0zIlu6vCj03Kz4732zQ7QcuDGrcrdeDgda46Y75ocsS-sh9ra-gqBN00s4w0P9aReS80QMS50W63Z_yHIsk6Y2vGIHAIJZDOCjzdYDbAhdS6IajCWZE8fdRfYLTcXL0MxM2nBO7YpKddl0U-7TLYEQTaDC1hMM9a3J8Degtaqimd54QaPyx78YxkC9uYGeDp75DHhBU2oqUY2IjqFuPNo58uBrmvgEsKJe9rNOfG2LcaTq-Fnhgq9czP0mqXN4rkUSXE0jrYB8j7hEK1aMHuwnHZuxz-amn49SsOHrF_lRYlzG61Mr_fc4O_8z-uc8j_sRFfp3QNinHu&ref=orjY4mGPRjlSKyJlbRuxUrM81v2Of8qOLBx_KLqAdr4wOK29xtl_B-IF-ewEVX7r--UTG_QxrTX1AOCkX90MOHH-nTSRo6_D9_5mBIe5aqHKbs7JQEnjKzAdAUaw1Qcng2OCT4x_yGYTT0-GUcb6Z0ZpiF42ksJl2zMeg4itNOizR8xqOSEmRHz_pFAyXs1r8q5_t2E6u32yeTBd1hCcYG7tqWkX7RJSVFEsY1TiwMd7QBjP4yrDbyxNa45MMD9I&l10n=ru&cts=1489130452981&mc=4.454824498998752" "Mozilla/5.0 (Windows NT 6.1) AppleWebKit/537.36 (KHTML, like Gecko) Chrome/56.0.2924.87 Safari/537.36 OPR/43.0.2442.1144"
130.193.37.26 - - [10/Mar/2017:09:21:04 +0200] "GET /index.php/statti/item/423-girki-zhali.html HTTP/1.0" 200 14818 "-" "Mozilla/5.0 (compatible; YandexBot/3.0; +http://yandex.com/bots)"
82.207.119.94 - - [10/Mar/2017:09:26:47 +0200] "GET /administrator/index.php?option=com_k2&view=items HTTP/1.0" 200 2804 "http://www.rkc.cv.ua/administrator/index.php" "Mozilla/5.0 (Windows NT 5.1; rv:51.0) Gecko/20100101 Firefox/51.0"
82.207.119.94 - - [10/Mar/2017:09:26:51 +0200] "POST /administrator/index.php HTTP/1.0" 500 1311 "http://www.rkc.cv.ua/administrator/index.php?option=com_k2&view=items" "Mozilla/5.0 (Windows NT 5.1; rv:51.0) Gecko/20100101 Firefox/51.0"
82.207.119.94 - - [10/Mar/2017:09:26:52 +0200] "GET /favicon.ico HTTP/1.0" 404 - "-" "Mozilla/5.0 (Windows NT 5.1; rv:51.0) Gecko/20100101 Firefox/51.0"
207.46.13.188 - - [10/Mar/2017:09:28:22 +0200] "GET /document/2/255_1.html HTTP/1.0" 404 1784 "-" "Mozilla/5.0 (compatible; bingbot/2.0; +http://www.bing.com/bingbot.htm)"
82.207.119.94 - - [10/Mar/2017:09:28:25 +0200] "POST /administrator/index.php HTTP/1.0" 303 - "http://www.rkc.cv.ua/administrator/index.php?option=com_k2&view=items" "Mozilla/5.0 (Windows NT 5.1; rv:51.0) Gecko/20100101 Firefox/51.0"
82.207.119.94 - - [10/Mar/2017:09:28:25 +0200] "GET /administrator/index.php?option=com_k2&view=items HTTP/1.0" 200 12906 "http://www.rkc.cv.ua/administrator/index.php?option=com_k2&view=items" "Mozilla/5.0 (Windows NT 5.1; rv:51.0) Gecko/20100101 Firefox/51.0"
82.207.119.94 - - [10/Mar/2017:09:28:33 +0200] "POST /administrator/index.php HTTP/1.0" 303 2280 "http://www.rkc.cv.ua/administrator/index.php?option=com_k2&view=items" "Mozilla/5.0 (Windows NT 5.1; rv:51.0) Gecko/20100101 Firefox/51.0"
82.207.119.94 - - [10/Mar/2017:09:28:33 +0200] "GET /administrator/index.php?option=com_k2&view=item HTTP/1.0" 200 14920 "http://www.rkc.cv.ua/administrator/index.php?option=com_k2&view=items" "Mozilla/5.0 (Windows NT 5.1; rv:51.0) Gecko/20100101 Firefox/51.0"
82.207.119.94 - - [10/Mar/2017:09:29:02 +0200] "GET /administrator/index.php?option=com_k2&view=item&task=extraFields&cid=167&id= HTTP/1.0" 200 2358 "http://www.rkc.cv.ua/administrator/index.php?option=com_k2&view=item" "Mozilla/5.0 (Windows NT 5.1; rv:51.0) Gecko/20100101 Firefox/51.0"
40.77.167.80 - - [10/Mar/2017:09:29:05 +0200] "GET /tour/4/index.html HTTP/1.0" 404 1784 "-" "Mozilla/5.0 (compatible; bingbot/2.0; +http://www.bing.com/bingbot.htm)"
164.132.161.7 - - [10/Mar/2017:09:31:02 +0200] "GET /index.php/photogalery/36-rekolektsii-dlia-ditei-polshcha-brenna-2011/detail/521-2012-07-04-15-08-52.html?tmpl=component&phocadownload=2 HTTP/1.0" 200 62564 "-" "Mozilla/5.0 (compatible; AhrefsBot/5.2; +http://ahrefs.com/robot/)"
163.172.64.236 - - [10/Mar/2017:09:32:05 +0200] "GET /index.php/news/item/472-molod-z-chernivtsiv-pobuvala-u-polschi.html HTTP/1.0" 200 15970 "-" "Mozilla/5.0 (compatible; AhrefsBot/5.2; +http://ahrefs.com/robot/)"
82.207.119.94 - - [10/Mar/2017:09:32:26 +0200] "GET /administrator/index.php?option=com_jce&view=editor&layout=plugin&plugin=paste&wfbf3a4bfebbc757af36494746b8a8a11f=1&component_id=10017 HTTP/1.0" 200 2009 "http://www.rkc.cv.ua/administrator/index.php?option=com_k2&view=item" "Mozilla/5.0 (Windows NT 5.1; rv:51.0) Gecko/20100101 Firefox/51.0"
82.207.119.94 - - [10/Mar/2017:09:33:44 +0200] "GET /administrator/index.php HTTP/1.0" 200 10483 "http://www.rkc.cv.ua/administrator/index.php?option=com_k2&view=item" "Mozilla/5.0 (Windows NT 5.1; rv:51.0) Gecko/20100101 Firefox/51.0"
82.207.119.94 - - [10/Mar/2017:09:33:46 +0200] "POST /administrator/index.php?option=com_installer&view=update&task=update.ajax HTTP/1.0" 200 2 "http://www.rkc.cv.ua/administrator/index.php" "Mozilla/5.0 (Windows NT 5.1; rv:51.0) Gecko/20100101 Firefox/51.0"
82.207.119.94 - - [10/Mar/2017:09:33:48 +0200] "POST /administrator/index.php?option=com_installer&view=update&task=update.ajax HTTP/1.0" 200 2 "http://www.rkc.cv.ua/administrator/index.php" "Mozilla/5.0 (Windows NT 5.1; rv:51.0) Gecko/20100101 Firefox/51.0"
82.207.119.94 - - [10/Mar/2017:09:35:13 +0200] "GET /administrator/index.php?option=com_k2&view=item&cid=847 HTTP/1.0" 200 16771 "http://www.rkc.cv.ua/administrator/index.php" "Mozilla/5.0 (Windows NT 5.1; rv:51.0) Gecko/20100101 Firefox/51.0"
82.207.119.94 - - [10/Mar/2017:09:35:54 +0200] "GET /administrator/index.php?option=com_k2&view=media&type=image&tmpl=component&fieldID=existingImageValue HTTP/1.0" 200 2638 "http://www.rkc.cv.ua/administrator/index.php?option=com_k2&view=item" "Mozilla/5.0 (Windows NT 5.1; rv:51.0) Gecko/20100101 Firefox/51.0"
82.207.119.94 - - [10/Mar/2017:09:35:56 +0200] "GET /administrator/index.php?option=com_k2&view=media&task=connector&token=42&test=test&mimes%5B%5D=image&cmd=open&target=&init=1&tree=1&_=1489131357115 HTTP/1.0" 200 10074 "http://www.rkc.cv.ua/administrator/index.php?option=com_k2&view=media&type=image&tmpl=component&fieldID=existingImageValue" "Mozilla/5.0 (Windows NT 5.1; rv:51.0) Gecko/20100101 Firefox/51.0"
82.207.119.94 - - [10/Mar/2017:09:36:00 +0200] "GET /administrator/index.php?option=com_k2&view=media&task=connector&token=42&test=test&mimes%5B%5D=image&cmd=open&target=l1_YXJ0aWNsZQ&_=1489131361156 HTTP/1.0" 200 6665 "http://www.rkc.cv.ua/administrator/index.php?option=com_k2&view=media&type=image&tmpl=component&fieldID=existingImageValue" "Mozilla/5.0 (Windows NT 5.1; rv:51.0) Gecko/20100101 Firefox/51.0"
82.207.119.94 - - [10/Mar/2017:09:36:05 +0200] "GET /administrator/index.php?option=com_k2&view=media&task=connector&token=42&test=test&mimes%5B%5D=image&cmd=open&target=l1_YXJ0aWNsZS8yMDE3&_=1489131365977 HTTP/1.0" 200 1800 "http://www.rkc.cv.ua/administrator/index.php?option=com_k2&view=media&type=image&tmpl=component&fieldID=existingImageValue" "Mozilla/5.0 (Windows NT 5.1; rv:51.0) Gecko/20100101 Firefox/51.0"
82.207.119.94 - - [10/Mar/2017:09:36:07 +0200] "GET /administrator/index.php?option=com_k2&view=media&task=connector&token=42&test=test&mimes%5B%5D=image&cmd=open&target=l1_YXJ0aWNsZS8yMDE3L2JlcmQ&_=1489131368395 HTTP/1.0" 200 2487 "http://www.rkc.cv.ua/administrator/index.php?option=com_k2&view=media&type=image&tmpl=component&fieldID=existingImageValue" "Mozilla/5.0 (Windows NT 5.1; rv:51.0) Gecko/20100101 Firefox/51.0"
82.207.119.94 - - [10/Mar/2017:09:36:07 +0200] "GET /administrator/index.php?option=com_k2&view=media&task=connector&token=42&test=test&mimes%5B%5D=image&cmd=tmb&targets%5B%5D=l1_YXJ0aWNsZS8yMDE3L2JlcmQvcGFsb21fMDEuanBn&targets%5B%5D=l1_YXJ0aWNsZS8yMDE3L2JlcmQvcGFsb21fMDIuanBn&targets%5B%5D=l1_YXJ0aWNsZS8yMDE3L2JlcmQvcGFsb21fMDMuanBn&targets%5B%5D=l1_YXJ0aWNsZS8yMDE3L2JlcmQvcGFsb21fMDQuanBn&targets%5B%5D=l1_YXJ0aWNsZS8yMDE3L2JlcmQvcGFsb21fMDUuanBn&_=1489131368894 HTTP/1.0" 200 542 "http://www.rkc.cv.ua/administrator/index.php?option=com_k2&view=media&type=image&tmpl=component&fieldID=existingImageValue" "Mozilla/5.0 (Windows NT 5.1; rv:51.0) Gecko/20100101 Firefox/51.0"
82.207.119.94 - - [10/Mar/2017:09:36:08 +0200] "GET /administrator/index.php?option=com_k2&view=media&task=connector&token=42&test=test&mimes%5B%5D=image&cmd=tmb&targets%5B%5D=l1_YXJ0aWNsZS8yMDE3L2JlcmQvcGFsb21fMDYuanBn&targets%5B%5D=l1_YXJ0aWNsZS8yMDE3L2JlcmQvcGFsb21fMDcuanBn&targets%5B%5D=l1_YXJ0aWNsZS8yMDE3L2JlcmQvcGFsb21fMDguanBn&targets%5B%5D=l1_YXJ0aWNsZS8yMDE3L2JlcmQvcGFsb21fMDkuanBn&_=1489131369730 HTTP/1.0" 200 436 "http://www.rkc.cv.ua/administrator/index.php?option=com_k2&view=media&type=image&tmpl=component&fieldID=existingImageValue" "Mozilla/5.0 (Windows NT 5.1; rv:51.0) Gecko/20100101 Firefox/51.0"
82.207.119.94 - - [10/Mar/2017:09:36:10 +0200] "GET /administrator/index.php?option=com_k2&view=media&task=connector&token=42&test=test&mimes%5B%5D=image&cmd=dim&target=l1_YXJ0aWNsZS8yMDE3L2JlcmQvcGFsb21fMDEuanBn&_=1489131371778 HTTP/1.0" 200 17 "http://www.rkc.cv.ua/administrator/index.php?option=com_k2&view=media&type=image&tmpl=component&fieldID=existingImageValue" "Mozilla/5.0 (Windows NT 5.1; rv:51.0) Gecko/20100101 Firefox/51.0"
82.207.119.94 - - [10/Mar/2017:09:36:17 +0200] "POST /administrator/index.php HTTP/1.0" 303 2279 "http://www.rkc.cv.ua/administrator/index.php?option=com_k2&view=item" "Mozilla/5.0 (Windows NT 5.1; rv:51.0) Gecko/20100101 Firefox/51.0"
82.207.119.94 - - [10/Mar/2017:09:36:35 +0200] "GET /administrator/index.php?option=com_k2&view=items HTTP/1.0" 200 12958 "http://www.rkc.cv.ua/administrator/index.php?option=com_k2&view=item" "Mozilla/5.0 (Windows NT 5.1; rv:51.0) Gecko/20100101 Firefox/51.0"
82.207.119.94 - - [10/Mar/2017:09:38:38 +0200] "GET / HTTP/1.0" 200 16744 "http://www.rkc.cv.ua/administrator/index.php?option=com_k2&view=item&cid=847" "Mozilla/5.0 (Windows NT 5.1; rv:51.0) Gecko/20100101 Firefox/51.0"
82.207.119.94 - - [10/Mar/2017:09:38:53 +0200] "GET /index.php/news/item/848-pid-materinskim-pokrovom-divi-mariyi.html HTTP/1.0" 200 15602 "http://www.rkc.cv.ua/" "Mozilla/5.0 (Windows NT 5.1; rv:51.0) Gecko/20100101 Firefox/51.0"
184.71.152.170 - - [10/Mar/2017:09:39:41 +0200] "GET /administrator/index.php HTTP/1.0" 200 7319 "-" "Mozilla/5.0 (Windows NT 5.1; rv:29.0) Gecko/20100101 Firefox/29.0"
184.71.152.170 - - [10/Mar/2017:09:39:42 +0200] "POST /administrator/index.php HTTP/1.0" 500 1311 "-" "Mozilla/5.0 (Windows NT 5.1; rv:29.0) Gecko/20100101 Firefox/29.0"
69.63.188.119 - - [10/Mar/2017:09:39:47 +0200] "GET /index.php/news/item/848-pid-materinskim-pokrovom-divi-mariyi.html HTTP/1.0" 200 15645 "-" "facebookexternalhit/1.1 (+http://www.facebook.com/externalhit_uatext.php)"
164.132.161.4 - - [10/Mar/2017:09:40:13 +0200] "GET /index.php/photogalery/14-vidpustova-sluzhba-bozha-u-kosteli-sviatoho-antoniia/detail/179-kostel-sviatoho-antoniia.html?tmpl=component HTTP/1.0" 200 2217 "-" "Mozilla/5.0 (compatible; AhrefsBot/5.2; +http://ahrefs.com/robot/)"
173.252.113.113 - - [10/Mar/2017:09:40:35 +0200] "GET /index.php/news/item/848-pid-materinskim-pokrovom-divi-mariyi.html HTTP/1.0" 200 15602 "-" "facebookexternalhit/1.1"
82.207.119.94 - - [10/Mar/2017:09:42:01 +0200] "GET /administrator/index.php?option=com_modules HTTP/1.0" 200 11340 "http://www.rkc.cv.ua/administrator/index.php?option=com_k2&view=items" "Mozilla/5.0 (Windows NT 5.1; rv:51.0) Gecko/20100101 Firefox/51.0"
82.207.119.94 - - [10/Mar/2017:09:42:09 +0200] "POST /administrator/index.php?option=com_modules HTTP/1.0" 200 14939 "http://www.rkc.cv.ua/administrator/index.php?option=com_modules" "Mozilla/5.0 (Windows NT 5.1; rv:51.0) Gecko/20100101 Firefox/51.0"
82.207.119.94 - - [10/Mar/2017:09:42:28 +0200] "GET /administrator/index.php?option=com_modules&task=module.edit&id=120 HTTP/1.0" 303 - "http://www.rkc.cv.ua/administrator/index.php?option=com_modules" "Mozilla/5.0 (Windows NT 5.1; rv:51.0) Gecko/20100101 Firefox/51.0"
82.207.119.94 - - [10/Mar/2017:09:42:28 +0200] "GET /administrator/index.php?option=com_modules&view=module&layout=edit&id=120 HTTP/1.0" 200 24106 "http://www.rkc.cv.ua/administrator/index.php?option=com_modules" "Mozilla/5.0 (Windows NT 5.1; rv:51.0) Gecko/20100101 Firefox/51.0"
82.207.119.94 - - [10/Mar/2017:09:43:01 +0200] "GET /administrator/index.php?option=com_k2&view=items&task=element&tmpl=component&object=jform[request][id] HTTP/1.0" 200 32332 "http://www.rkc.cv.ua/administrator/index.php?option=com_modules&view=module&layout=edit&id=120" "Mozilla/5.0 (Windows NT 5.1; rv:51.0) Gecko/20100101 Firefox/51.0"
82.207.119.94 - - [10/Mar/2017:09:43:13 +0200] "POST /administrator/index.php?option=com_modules&layout=edit&id=120 HTTP/1.0" 303 - "http://www.rkc.cv.ua/administrator/index.php?option=com_modules&view=module&layout=edit&id=120" "Mozilla/5.0 (Windows NT 5.1; rv:51.0) Gecko/20100101 Firefox/51.0"
82.207.119.94 - - [10/Mar/2017:09:43:14 +0200] "GET /administrator/index.php?option=com_modules&view=module&layout=edit&id=120 HTTP/1.0" 200 24181 "http://www.rkc.cv.ua/administrator/index.php?option=com_modules&view=module&layout=edit&id=120" "Mozilla/5.0 (Windows NT 5.1; rv:51.0) Gecko/20100101 Firefox/51.0"
82.207.119.94 - - [10/Mar/2017:09:43:30 +0200] "POST /administrator/index.php?option=com_modules&layout=edit&id=120 HTTP/1.0" 303 - "http://www.rkc.cv.ua/administrator/index.php?option=com_modules&view=module&layout=edit&id=120" "Mozilla/5.0 (Windows NT 5.1; rv:51.0) Gecko/20100101 Firefox/51.0"
82.207.119.94 - - [10/Mar/2017:09:43:30 +0200] "GET /administrator/index.php?option=com_modules&view=module&layout=edit&id=120 HTTP/1.0" 200 24175 "http://www.rkc.cv.ua/administrator/index.php?option=com_modules&view=module&layout=edit&id=120" "Mozilla/5.0 (Windows NT 5.1; rv:51.0) Gecko/20100101 Firefox/51.0"
82.207.119.94 - - [10/Mar/2017:09:43:40 +0200] "POST /administrator/index.php?option=com_modules&layout=edit&id=120 HTTP/1.0" 303 - "http://www.rkc.cv.ua/administrator/index.php?option=com_modules&view=module&layout=edit&id=120" "Mozilla/5.0 (Windows NT 5.1; rv:51.0) Gecko/20100101 Firefox/51.0"
82.207.119.94 - - [10/Mar/2017:09:43:40 +0200] "GET /administrator/index.php?option=com_modules&view=modules HTTP/1.0" 200 14939 "http://www.rkc.cv.ua/administrator/index.php?option=com_modules&view=module&layout=edit&id=120" "Mozilla/5.0 (Windows NT 5.1; rv:51.0) Gecko/20100101 Firefox/51.0"
82.207.119.94 - - [10/Mar/2017:09:43:45 +0200] "GET /administrator/index.php?option=com_k2&view=items HTTP/1.0" 200 83792 "http://www.rkc.cv.ua/administrator/index.php?option=com_modules&view=modules" "Mozilla/5.0 (Windows NT 5.1; rv:51.0) Gecko/20100101 Firefox/51.0"
82.207.119.94 - - [10/Mar/2017:09:43:59 +0200] "GET / HTTP/1.0" 200 16640 "http://www.rkc.cv.ua/index.php/news/item/848-pid-materinskim-pokrovom-divi-mariyi.html" "Mozilla/5.0 (Windows NT 5.1; rv:51.0) Gecko/20100101 Firefox/51.0"
91.218.45.25 - - [10/Mar/2017:09:44:20 +0200] "GET /index.php/news/item/848-pid-materinskim-pokrovom-divi-mariyi.html HTTP/1.0" 302 - "http://m.facebook.com/" "Mozilla/5.0 (Linux; Android 5.1.1; Redmi Note 3 Build/LMY47V; wv) AppleWebKit/537.36 (KHTML, like Gecko) Version/4.0 Chrome/56.0.2924.87 Mobile Safari/537.36 [FB_IAB/FB4A;FBAV/113.0.0.16.70;]"
195.60.201.35 - - [10/Mar/2017:09:44:38 +0200] "GET /favicon.ico HTTP/1.0" 404 - "-" "Mozilla/4.0 (compatible; MSIE 8.0; Windows NT 5.1; Trident/4.0; GTB7.5; .NET CLR 1.1.4322; .NET CLR 2.0.50727; .NET CLR 3.0.4506.2152; .NET CLR 3.5.30729; .NET4.0C; .NET4.0E; InfoPath.2)"
193.124.131.168 - - [10/Mar/2017:09:45:20 +0200] "HEAD / HTTP/1.0" 200 - "http://www.loftshop.com.ua/otdykh-i-turizm/butylki-dlya-vody-i-flyagi/butylki-dlya-vody.html" "Mozilla/4.0 (compatible; MSIE6.00; Windows 2008)"
184.71.152.170 - - [10/Mar/2017:09:45:42 +0200] "GET /administrator/index.php HTTP/1.0" 200 7319 "-" "Mozilla/5.0 (Windows NT 5.1; rv:29.0) Gecko/20100101 Firefox/29.0"
195.182.192.82 - - [10/Mar/2017:09:46:01 +0200] "GET /index.php/news/item/848-pid-materinskim-pokrovom-divi-mariyi.html HTTP/1.0" 302 - "https://www.facebook.com/" "Mozilla/5.0 (Windows NT 5.1) AppleWebKit/537.36 (KHTML, like Gecko) Chrome/49.0.2623.112 Safari/537.36"
195.133.48.150 - - [10/Mar/2017:09:45:59 +0200] "HEAD / HTTP/1.0" 200 - "http://centerreklama.ru/" "Mozilla/6.0 (compatible; MSIE2.00; Windows 2006)"
195.182.192.82 - - [10/Mar/2017:09:46:05 +0200] "GET /index.php/news/item/848-pid-materinskim-pokrovom-divi-mariyi.html HTTP/1.0" 200 15632 "https://www.facebook.com/" "Mozilla/5.0 (Windows NT 5.1) AppleWebKit/537.36 (KHTML, like Gecko) Chrome/49.0.2623.112 Safari/537.36"
164.132.161.92 - - [10/Mar/2017:09:48:05 +0200] "GET /bukovina/8/82_1.html HTTP/1.0" 404 1784 "-" "Mozilla/5.0 (compatible; AhrefsBot/5.2; +http://ahrefs.com/robot/)"
195.133.145.199 - - [10/Mar/2017:09:48:45 +0200] "HEAD / HTTP/1.0" 200 - "http://coolnstore.ru/holodilnaya-kamera-dlya-piva" "Mozilla/7.0 (compatible; MSIE6.00; Windows 2003)"
82.207.119.94 - - [10/Mar/2017:09:49:17 +0200] "GET /administrator/index.php HTTP/1.0" 200 10482 "http://www.rkc.cv.ua/administrator/index.php?option=com_k2&view=item&cid=847" "Mozilla/5.0 (Windows NT 5.1; rv:51.0) Gecko/20100101 Firefox/51.0"
40.77.167.80 - - [10/Mar/2017:09:49:35 +0200] "GET /vlada/rada/rada.html HTTP/1.0" 404 1784 "-" "Mozilla/5.0 (iPhone; CPU iPhone OS 7_0 like Mac OS X) AppleWebKit/537.51.1 (KHTML, like Gecko) Version/7.0 Mobile/11A465 Safari/9537.53 (compatible; bingbot/2.0; +http://www.bing.com/bingbot.htm)"
51.255.65.62 - - [10/Mar/2017:09:52:50 +0200] "GET /index.php/oholoshennia/item/519-parafiyalni-ogoloshennya-vid-2-grudnya-2013-roku.html HTTP/1.0" 200 15762 "-" "Mozilla/5.0 (compatible; AhrefsBot/5.2; +http://ahrefs.com/robot/)"
158.148.195.49 - - [10/Mar/2017:09:56:04 +0200] "GET /index.php/news/item/848-pid-materinskim-pokrovom-divi-mariyi.html HTTP/1.0" 302 - "http://m.facebook.com/" "Mozilla/5.0 (Linux; Android 5.1.1; ASUS_X00BD Build/LMY47V; wv) AppleWebKit/537.36 (KHTML, like Gecko) Version/4.0 Chrome/55.0.2883.91 Mobile Safari/537.36 [FB_IAB/FB4A;FBAV/111.0.0.18.69;]"
207.46.13.48 - - [10/Mar/2017:10:00:57 +0200] "GET /document/2/132_1.html HTTP/1.0" 404 1784 "-" "Mozilla/5.0 (iPhone; CPU iPhone OS 7_0 like Mac OS X) AppleWebKit/537.51.1 (KHTML, like Gecko) Version/7.0 Mobile/11A465 Safari/9537.53 (compatible; bingbot/2.0; +http://www.bing.com/bingbot.htm)"
51.255.65.68 - - [10/Mar/2017:10:02:22 +0200] "GET /index.php/photogalery/3-kostel/detail/625-2012-07-10-15-52-39.html?tmpl=component&phocadownload=2 HTTP/1.0" 200 53204 "-" "Mozilla/5.0 (compatible; AhrefsBot/5.2; +http://ahrefs.com/robot/)"
82.207.119.94 - - [10/Mar/2017:10:03:17 +0200] "GET /administrator/index.php HTTP/1.0" 200 10482 "http://www.rkc.cv.ua/administrator/index.php?option=com_k2&view=item&cid=847" "Mozilla/5.0 (Windows NT 5.1; rv:51.0) Gecko/20100101 Firefox/51.0"
207.46.13.207 - - [10/Mar/2017:10:06:03 +0200] "GET /robots.txt HTTP/1.0" 200 1151 "-" "Mozilla/5.0 (compatible; bingbot/2.0; +http://www.bing.com/bingbot.htm)"
157.55.39.187 - - [10/Mar/2017:10:06:12 +0200] "GET /index.php/news/item/394-svyatiy-mikolay-u-chernivtsyah.html HTTP/1.0" 200 15133 "-" "Mozilla/5.0 (compatible; bingbot/2.0; +http://www.bing.com/bingbot.htm)"
157.55.39.187 - - [10/Mar/2017:10:11:08 +0200] "GET /bukovina/11/85_1.html HTTP/1.0" 404 1784 "-" "Mozilla/5.0 (compatible; bingbot/2.0; +http://www.bing.com/bingbot.htm)"
51.255.65.67 - - [10/Mar/2017:10:11:20 +0200] "GET /invest/doc/8/77_1.html HTTP/1.0" 404 1784 "-" "Mozilla/5.0 (compatible; AhrefsBot/5.2; +http://ahrefs.com/robot/)"
82.207.119.94 - - [10/Mar/2017:10:11:47 +0200] "GET /administrator/index.php?option=com_k2&view=items HTTP/1.0" 200 83789 "http://www.rkc.cv.ua/administrator/index.php?option=com_modules&view=modules" "Mozilla/5.0 (Windows NT 5.1; rv:51.0) Gecko/20100101 Firefox/51.0"
207.46.13.48 - - [10/Mar/2017:10:12:55 +0200] "GET /Tourizm/eng/e_vizhn.html HTTP/1.0" 404 1784 "-" "Mozilla/5.0 (iPhone; CPU iPhone OS 7_0 like Mac OS X) AppleWebKit/537.51.1 (KHTML, like Gecko) Version/7.0 Mobile/11A465 Safari/9537.53 (compatible; bingbot/2.0; +http://www.bing.com/bingbot.htm)"
82.207.119.94 - - [10/Mar/2017:10:14:01 +0200] "POST /administrator/index.php HTTP/1.0" 303 2279 "http://www.rkc.cv.ua/administrator/index.php?option=com_k2&view=item&cid=847" "Mozilla/5.0 (Windows NT 5.1; rv:51.0) Gecko/20100101 Firefox/51.0"
82.207.119.94 - - [10/Mar/2017:10:14:02 +0200] "GET /administrator/index.php?option=com_k2&view=items HTTP/1.0" 200 83789 "http://www.rkc.cv.ua/administrator/index.php?option=com_k2&view=item&cid=847" "Mozilla/5.0 (Windows NT 5.1; rv:51.0) Gecko/20100101 Firefox/51.0"
194.87.238.17 - - [10/Mar/2017:10:16:58 +0200] "HEAD / HTTP/1.0" 200 - "http://zhenskayadolya.ru/salat-uoldorf-delikates-shikarnogo-otelya/" "Mozilla/7.0 (compatible; MSIE4.00; Windows 2006)"
66.249.66.185 - - [10/Mar/2017:10:20:37 +0200] "GET /index.php/posylannia.html HTTP/1.0" 200 14015 "-" "Mozilla/5.0 (compatible; Googlebot/2.1; +http://www.google.com/bot.html)"
51.255.65.70 - - [10/Mar/2017:10:21:56 +0200] "GET /index.php/photogalery/34-pershe-sviate-prychastia-2012/detail/472-2012-06-06-20-46-17.html?tmpl=component HTTP/1.0" 200 2462 "-" "Mozilla/5.0 (compatible; AhrefsBot/5.2; +http://ahrefs.com/robot/)"
194.87.234.246 - - [10/Mar/2017:10:23:58 +0200] "HEAD / HTTP/1.0" 302 - "https://carivka.com.ua/hotels/nomera-i-tseny.html" "Mozilla/5.0 (compatible; MSIE5.00; Windows 2006)"
164.132.161.82 - - [10/Mar/2017:10:24:41 +0200] "GET /index.php/photogalery/43-urochystist-bozhoho-tila-2013/detail/710-2013-06-03-08-26-56.html?tmpl=component HTTP/1.0" 200 2402 "-" "Mozilla/5.0 (compatible; AhrefsBot/5.2; +http://ahrefs.com/robot/)"
195.133.147.74 - - [10/Mar/2017:10:26:54 +0200] "HEAD / HTTP/1.0" 200 - "https://freedom.co.ua/cottonbox-kids" "Mozilla/5.0 (compatible; MSIE4.00; Windows 2006)"
217.69.133.236 - - [10/Mar/2017:10:27:13 +0200] "GET /robots.txt HTTP/1.0" 200 1151 "-" "Mozilla/5.0 (compatible; Linux x86_64; Mail.RU_Bot/2.0; +http://go.mail.ru/help/robots)"
217.69.133.237 - - [10/Mar/2017:10:27:17 +0200] "GET /robots.txt HTTP/1.0" 200 1151 "-" "Mozilla/5.0 (compatible; Linux x86_64; Mail.RU_Bot/2.0; +http://go.mail.ru/help/robots)"
217.69.133.234 - - [10/Mar/2017:10:27:21 +0200] "GET /index.php/statti/item/432-svaritisya-po-hristiyanski.html HTTP/1.0" 200 16639 "-" "Mozilla/5.0 (compatible; Linux x86_64; Mail.RU_Bot/2.0; +http://go.mail.ru/help/robots)"
217.69.133.236 - - [10/Mar/2017:10:27:32 +0200] "GET /cgi-bin/tour/comments.cgi?cat_id=6&id=37 HTTP/1.0" 404 - "-" "Mozilla/5.0 (compatible; Linux x86_64; Mail.RU_Bot/2.0; +http://go.mail.ru/help/robots)"
217.69.133.237 - - [10/Mar/2017:10:27:36 +0200] "GET /human/index.html HTTP/1.0" 404 1784 "-" "Mozilla/5.0 (compatible; Linux x86_64; Mail.RU_Bot/2.0; +http://go.mail.ru/help/robots)"
217.69.133.236 - - [10/Mar/2017:10:27:41 +0200] "GET /cgi-bin/tour/view.cgi?cat_id=6&id=35&print=1 HTTP/1.0" 404 - "-" "Mozilla/5.0 (compatible; Linux x86_64; Mail.RU_Bot/2.0; +http://go.mail.ru/help/robots)"
217.69.133.70 - - [10/Mar/2017:10:27:46 +0200] "GET /bukovina/6/80_1.html HTTP/1.0" 404 1784 "-" "Mozilla/5.0 (compatible; Linux x86_64; Mail.RU_Bot/2.0; +http://go.mail.ru/help/robots)"
217.69.133.236 - - [10/Mar/2017:10:27:51 +0200] "GET /invest/doc/3/23_1.html HTTP/1.0" 404 1784 "-" "Mozilla/5.0 (compatible; Linux x86_64; Mail.RU_Bot/2.0; +http://go.mail.ru/help/robots)"
217.69.133.235 - - [10/Mar/2017:10:27:55 +0200] "GET /tour/1/2_1.html HTTP/1.0" 404 1784 "-" "Mozilla/5.0 (compatible; Linux x86_64; Mail.RU_Bot/2.0; +http://go.mail.ru/help/robots)"
217.69.133.239 - - [10/Mar/2017:10:28:01 +0200] "GET /Hotyn1000/book2.html HTTP/1.0" 404 1784 "-" "Mozilla/5.0 (compatible; Linux x86_64; Mail.RU_Bot/2.0; +http://go.mail.ru/help/robots)"
217.69.133.237 - - [10/Mar/2017:10:28:05 +0200] "GET /Health/Page7.htm HTTP/1.0" 404 1784 "-" "Mozilla/5.0 (compatible; Linux x86_64; Mail.RU_Bot/2.0; +http://go.mail.ru/help/robots)"
217.69.133.239 - - [10/Mar/2017:10:28:11 +0200] "GET /Hotyn1000/hpublic.html HTTP/1.0" 404 1784 "-" "Mozilla/5.0 (compatible; Linux x86_64; Mail.RU_Bot/2.0; +http://go.mail.ru/help/robots)"
217.69.133.239 - - [10/Mar/2017:10:28:18 +0200] "GET /obl/2002/gerts_2002.html HTTP/1.0" 404 1784 "-" "Mozilla/5.0 (compatible; Linux x86_64; Mail.RU_Bot/2.0; +http://go.mail.ru/help/robots)"
