37.55.200.72 - - [10/Mar/2017:12:11:28 +0200] "GET /index.php/news/item/848-pid-materinskim-pokrovom-divi-mariyi.html HTTP/1.0" 200 15464 "http://www.bucoda.cv.ua/" "Mozilla/5.0 (Windows NT 6.1; WOW64) AppleWebKit/537.36 (KHTML, like Gecko) Chrome/56.0.2924.87 Safari/537.36 OPR/43.0.2442.1144"
37.55.200.72 - - [10/Mar/2017:12:11:49 +0200] "GET /plugins/content/jw_sigpro/jw_sigpro/includes/download.php?file=images//article/2017/berd//palom_08.jpg HTTP/1.0" 200 93597 "http://www.bucoda.cv.ua/index.php/news/item/848-pid-materinskim-pokrovom-divi-mariyi.html" "Mozilla/5.0 (Windows NT 6.1; WOW64) AppleWebKit/537.36 (KHTML, like Gecko) Chrome/56.0.2924.87 Safari/537.36 OPR/43.0.2442.1144"
157.55.39.251 - - [10/Mar/2017:12:15:42 +0200] "GET /robots.txt HTTP/1.0" 200 1151 "-" "Mozilla/5.0 (compatible; bingbot/2.0; +http://www.bing.com/bingbot.htm)"
82.207.119.94 - - [10/Mar/2017:12:16:32 +0200] "GET / HTTP/1.0" 200 16471 "http://www.rkc.cv.ua/index.php/news/item/848-pid-materinskim-pokrovom-divi-mariyi.html" "Mozilla/5.0 (Windows NT 5.1; rv:51.0) Gecko/20100101 Firefox/51.0"
176.124.134.76 - - [10/Mar/2017:12:27:08 +0200] "GET /index.php/news/item/848-pid-materinskim-pokrovom-divi-mariyi.html HTTP/1.0" 302 - "http://m.facebook.com/" "Mozilla/5.0 (Linux; Android 5.1.1; SM-G531H Build/LMY48B; wv) AppleWebKit/537.36 (KHTML, like Gecko) Version/4.0 Chrome/55.0.2883.91 Mobile Safari/537.36 [FB_IAB/FB4A;FBAV/114.0.0.20.70;]"
157.55.39.44 - - [10/Mar/2017:12:29:16 +0200] "GET /document/5/106_1.html HTTP/1.0" 404 1784 "-" "Mozilla/5.0 (compatible; bingbot/2.0; +http://www.bing.com/bingbot.htm)"
40.77.167.80 - - [10/Mar/2017:12:35:16 +0200] "GET /document/2/132_1.html HTTP/1.0" 404 1784 "-" "Mozilla/5.0 (iPhone; CPU iPhone OS 7_0 like Mac OS X) AppleWebKit/537.51.1 (KHTML, like Gecko) Version/7.0 Mobile/11A465 Safari/9537.53 (compatible; bingbot/2.0; +http://www.bing.com/bingbot.htm)"
195.133.48.121 - - [10/Mar/2017:12:36:25 +0200] "HEAD / HTTP/1.0" 302 - "https://carivka.com.ua/corporative/korporativy-firm.html" "Mozilla/4.0 (compatible; MSIE4.00; Windows 2006)"
194.8.145.102 - - [10/Mar/2017:12:37:14 +0200] "GET /index.php/news/item/848-pid-materinskim-pokrovom-divi-mariyi.html HTTP/1.0" 302 - "http://m.facebook.com/" "Mozilla/5.0 (Linux; Android 5.0.1; Lenovo TAB 2 A7-30DC Build/LRX21M; wv) AppleWebKit/537.36 (KHTML, like Gecko) Version/4.0 Chrome/56.0.2924.87 Safari/537.36 [FB_IAB/FB4A;FBAV/114.0.0.20.70;]"
193.93.17.45 - - [10/Mar/2017:12:40:01 +0200] "GET /index.php/news/item/848-pid-materinskim-pokrovom-divi-mariyi.html HTTP/1.0" 302 - "https://www.facebook.com/" "Mozilla/5.0 (Windows NT 10.0; WOW64) AppleWebKit/537.36 (KHTML, like Gecko) Chrome/56.0.2924.87 Safari/537.36"
164.132.161.64 - - [10/Mar/2017:12:40:27 +0200] "GET /bukovina/12/60_1.html HTTP/1.0" 404 1784 "-" "Mozilla/5.0 (compatible; AhrefsBot/5.2; +http://ahrefs.com/robot/)"
193.93.17.45 - - [10/Mar/2017:12:40:37 +0200] "GET /index.php/news/item/848-pid-materinskim-pokrovom-divi-mariyi.html HTTP/1.0" 200 15513 "https://www.facebook.com/" "Mozilla/5.0 (Windows NT 10.0; WOW64) AppleWebKit/537.36 (KHTML, like Gecko) Chrome/56.0.2924.87 Safari/537.36"
164.132.161.66 - - [10/Mar/2017:12:41:32 +0200] "GET /document/5/278_1.html HTTP/1.0" 404 1784 "-" "Mozilla/5.0 (compatible; AhrefsBot/5.2; +http://ahrefs.com/robot/)"
46.200.143.30 - - [10/Mar/2017:12:42:28 +0200] "GET / HTTP/1.0" 200 16569 "-" "Mozilla/5.0 (Windows NT 6.1) AppleWebKit/537.36 (KHTML, like Gecko) Chrome/56.0.2924.87 Safari/537.36"
163.172.64.185 - - [10/Mar/2017:12:42:42 +0200] "GET /index.php/oholoshennia/item/572-parafiyalni-ogoloshennya-vid-20-kvitnya-2014-roku.html?tmpl=component&print=1 HTTP/1.0" 200 4933 "-" "Mozilla/5.0 (compatible; AhrefsBot/5.2; +http://ahrefs.com/robot/)"
46.200.143.30 - - [10/Mar/2017:12:42:48 +0200] "GET /index.php/component/search/?format=opensearch HTTP/1.0" 200 510 "-" "Mozilla/5.0 (Windows NT 6.1) AppleWebKit/537.36 (KHTML, like Gecko) Chrome/56.0.2924.87 Safari/537.36"
46.200.143.30 - - [10/Mar/2017:12:43:55 +0200] "GET /index.php/news/item/848-pid-materinskim-pokrovom-divi-mariyi.html HTTP/1.0" 200 15523 "http://www.rkc.cv.ua/" "Mozilla/5.0 (Windows NT 6.1) AppleWebKit/537.36 (KHTML, like Gecko) Chrome/56.0.2924.87 Safari/537.36"
40.77.167.80 - - [10/Mar/2017:12:47:53 +0200] "GET /bukovina/13/48_1.html HTTP/1.0" 404 1784 "-" "Mozilla/5.0 (iPhone; CPU iPhone OS 7_0 like Mac OS X) AppleWebKit/537.51.1 (KHTML, like Gecko) Version/7.0 Mobile/11A465 Safari/9537.53 (compatible; bingbot/2.0; +http://www.bing.com/bingbot.htm)"
40.77.167.80 - - [10/Mar/2017:12:48:48 +0200] "GET /bukovina/9/44_1.html HTTP/1.0" 404 1784 "-" "Mozilla/5.0 (compatible; bingbot/2.0; +http://www.bing.com/bingbot.htm)"
46.200.143.30 - - [10/Mar/2017:12:49:00 +0200] "GET / HTTP/1.0" 200 16568 "-" "Mozilla/5.0 (Windows NT 6.1) AppleWebKit/537.36 (KHTML, like Gecko) Chrome/56.0.2924.87 Safari/537.36"
46.200.143.30 - - [10/Mar/2017:12:51:20 +0200] "GET /index.php/news/item/848-pid-materinskim-pokrovom-divi-mariyi.html HTTP/1.0" 200 15491 "http://www.rkc.cv.ua/" "Mozilla/5.0 (Windows NT 6.1) AppleWebKit/537.36 (KHTML, like Gecko) Chrome/56.0.2924.87 Safari/537.36"
93.76.103.81 - - [10/Mar/2017:12:51:34 +0200] "GET /index.php/news/item/848-pid-materinskim-pokrovom-divi-mariyi.html HTTP/1.0" 302 - "http://m.facebook.com/" "Mozilla/5.0 (Linux; Android 5.1.1; SM-G531H Build/LMY48B; wv) AppleWebKit/537.36 (KHTML, like Gecko) Version/4.0 Chrome/56.0.2924.87 Mobile Safari/537.36 [FB_IAB/FB4A;FBAV/114.0.0.20.70;]"
178.159.43.212 - - [10/Mar/2017:12:52:01 +0200] "HEAD / HTTP/1.0" 200 - "http://autoua.top" "Mozilla/8.0 (compatible; MSIE2.00; Windows 2002)"
185.154.13.6 - - [10/Mar/2017:12:52:02 +0200] "HEAD / HTTP/1.0" 200 - "http://gamesua.top/" "Mozilla/6.0 (compatible; MSIE7.00; Windows 2006)"
46.200.143.30 - - [10/Mar/2017:12:55:43 +0200] "GET /plugins/content/jw_sigpro/jw_sigpro/includes/download.php?file=images//article/2017/berd//palom_01.jpg HTTP/1.0" 200 190154 "http://www.rkc.cv.ua/index.php/news/item/848-pid-materinskim-pokrovom-divi-mariyi.html" "Mozilla/5.0 (Windows NT 6.1) AppleWebKit/537.36 (KHTML, like Gecko) Chrome/56.0.2924.87 Safari/537.36"
82.207.119.94 - - [10/Mar/2017:12:55:45 +0200] "GET / HTTP/1.0" 200 16556 "http://www.rkc.cv.ua/index.php/news/item/848-pid-materinskim-pokrovom-divi-mariyi.html" "Mozilla/5.0 (Windows NT 5.1; rv:51.0) Gecko/20100101 Firefox/51.0"
46.200.143.30 - - [10/Mar/2017:12:55:55 +0200] "GET /plugins/content/jw_sigpro/jw_sigpro/includes/download.php?file=images//article/2017/berd//palom_02.jpg HTTP/1.0" 200 67309 "http://www.rkc.cv.ua/index.php/news/item/848-pid-materinskim-pokrovom-divi-mariyi.html" "Mozilla/5.0 (Windows NT 6.1) AppleWebKit/537.36 (KHTML, like Gecko) Chrome/56.0.2924.87 Safari/537.36"
46.200.143.30 - - [10/Mar/2017:12:55:58 +0200] "GET /plugins/content/jw_sigpro/jw_sigpro/includes/download.php?file=images//article/2017/berd//palom_03.jpg HTTP/1.0" 200 64834 "http://www.rkc.cv.ua/index.php/news/item/848-pid-materinskim-pokrovom-divi-mariyi.html" "Mozilla/5.0 (Windows NT 6.1) AppleWebKit/537.36 (KHTML, like Gecko) Chrome/56.0.2924.87 Safari/537.36"
46.200.143.30 - - [10/Mar/2017:12:56:03 +0200] "GET /plugins/content/jw_sigpro/jw_sigpro/includes/download.php?file=images//article/2017/berd//palom_04.jpg HTTP/1.0" 200 64564 "http://www.rkc.cv.ua/index.php/news/item/848-pid-materinskim-pokrovom-divi-mariyi.html" "Mozilla/5.0 (Windows NT 6.1) AppleWebKit/537.36 (KHTML, like Gecko) Chrome/56.0.2924.87 Safari/537.36"
46.200.143.30 - - [10/Mar/2017:12:56:10 +0200] "GET /plugins/content/jw_sigpro/jw_sigpro/includes/download.php?file=images//article/2017/berd//palom_05.jpg HTTP/1.0" 200 90792 "http://www.rkc.cv.ua/index.php/news/item/848-pid-materinskim-pokrovom-divi-mariyi.html" "Mozilla/5.0 (Windows NT 6.1) AppleWebKit/537.36 (KHTML, like Gecko) Chrome/56.0.2924.87 Safari/537.36"
46.200.143.30 - - [10/Mar/2017:12:56:15 +0200] "GET /plugins/content/jw_sigpro/jw_sigpro/includes/download.php?file=images//article/2017/berd//palom_06.jpg HTTP/1.0" 200 77966 "http://www.rkc.cv.ua/index.php/news/item/848-pid-materinskim-pokrovom-divi-mariyi.html" "Mozilla/5.0 (Windows NT 6.1) AppleWebKit/537.36 (KHTML, like Gecko) Chrome/56.0.2924.87 Safari/537.36"
46.200.143.30 - - [10/Mar/2017:12:56:20 +0200] "GET /plugins/content/jw_sigpro/jw_sigpro/includes/download.php?file=images//article/2017/berd//palom_07.jpg HTTP/1.0" 200 133504 "http://www.rkc.cv.ua/index.php/news/item/848-pid-materinskim-pokrovom-divi-mariyi.html" "Mozilla/5.0 (Windows NT 6.1) AppleWebKit/537.36 (KHTML, like Gecko) Chrome/56.0.2924.87 Safari/537.36"
46.200.143.30 - - [10/Mar/2017:12:56:24 +0200] "GET /plugins/content/jw_sigpro/jw_sigpro/includes/download.php?file=images//article/2017/berd//palom_08.jpg HTTP/1.0" 200 93597 "http://www.rkc.cv.ua/index.php/news/item/848-pid-materinskim-pokrovom-divi-mariyi.html" "Mozilla/5.0 (Windows NT 6.1) AppleWebKit/537.36 (KHTML, like Gecko) Chrome/56.0.2924.87 Safari/537.36"
46.200.143.30 - - [10/Mar/2017:12:56:28 +0200] "GET /plugins/content/jw_sigpro/jw_sigpro/includes/download.php?file=images//article/2017/berd//palom_09.jpg HTTP/1.0" 200 80519 "http://www.rkc.cv.ua/index.php/news/item/848-pid-materinskim-pokrovom-divi-mariyi.html" "Mozilla/5.0 (Windows NT 6.1) AppleWebKit/537.36 (KHTML, like Gecko) Chrome/56.0.2924.87 Safari/537.36"
37.55.200.72 - - [10/Mar/2017:12:57:37 +0200] "GET / HTTP/1.0" 200 16557 "-" "Mozilla/5.0 (Windows NT 6.1; WOW64) AppleWebKit/537.36 (KHTML, like Gecko) Chrome/56.0.2924.87 Safari/537.36 OPR/43.0.2442.1144"
37.55.200.72 - - [10/Mar/2017:12:57:47 +0200] "GET /index.php/news/item/848-pid-materinskim-pokrovom-divi-mariyi.html HTTP/1.0" 200 15520 "http://www.bucoda.cv.ua/" "Mozilla/5.0 (Windows NT 6.1; WOW64) AppleWebKit/537.36 (KHTML, like Gecko) Chrome/56.0.2924.87 Safari/537.36 OPR/43.0.2442.1144"
193.161.14.116 - - [10/Mar/2017:12:58:23 +0200] "GET /index.php/news/item/848-pid-materinskim-pokrovom-divi-mariyi.html HTTP/1.0" 302 - "http://m.facebook.com/" "Mozilla/5.0 (Linux; Android 5.1; m2 Build/LMY47D) AppleWebKit/537.36 (KHTML, like Gecko) Version/4.0 Chrome/40.0.2214.124 Mobile Safari/537.36 [FB_IAB/FB4A;FBAV/111.0.0.18.69;]"
157.55.39.187 - - [10/Mar/2017:13:02:33 +0200] "GET /bukovina/13/index.html HTTP/1.0" 404 1784 "-" "Mozilla/5.0 (iPhone; CPU iPhone OS 7_0 like Mac OS X) AppleWebKit/537.51.1 (KHTML, like Gecko) Version/7.0 Mobile/11A465 Safari/9537.53 (compatible; bingbot/2.0; +http://www.bing.com/bingbot.htm)"
163.172.64.239 - - [10/Mar/2017:13:04:42 +0200] "GET /invest/doc/4/index.html HTTP/1.0" 404 1784 "-" "Mozilla/5.0 (compatible; AhrefsBot/5.2; +http://ahrefs.com/robot/)"
195.60.201.35 - - [10/Mar/2017:13:04:51 +0200] "GET /favicon.ico HTTP/1.0" 404 - "-" "Mozilla/4.0 (compatible; MSIE 8.0; Windows NT 5.1; Trident/4.0; GTB7.5; .NET CLR 1.1.4322; .NET CLR 2.0.50727; .NET CLR 3.0.4506.2152; .NET CLR 3.5.30729; .NET4.0C; .NET4.0E; InfoPath.2)"
195.133.145.199 - - [10/Mar/2017:13:09:21 +0200] "HEAD / HTTP/1.0" 200 - "http://coolnstore.ru/holodilnaya-kamera-dlya-tsvetov-ceny" "Mozilla/4.0 (compatible; MSIE6.00; Windows 2005)"
193.124.131.168 - - [10/Mar/2017:13:09:55 +0200] "HEAD / HTTP/1.0" 200 - "http://www.loftshop.com.ua/otdykh-i-turizm/butylki-dlya-vody-i-flyagi/butylki-dlya-vody.html" "Mozilla/2.0 (compatible; MSIE4.00; Windows 2004)"
40.77.167.80 - - [10/Mar/2017:13:15:05 +0200] "GET /bukovina/4/10_1.html HTTP/1.0" 404 1784 "-" "Mozilla/5.0 (compatible; bingbot/2.0; +http://www.bing.com/bingbot.htm)"
164.132.161.28 - - [10/Mar/2017:13:16:55 +0200] "GET /index.php/oholoshennia/item/536-parafiyalni-ogoloshennya-vid-5-sichnya-2014-roku.html HTTP/1.0" 200 14925 "-" "Mozilla/5.0 (compatible; AhrefsBot/5.2; +http://ahrefs.com/robot/)"
195.133.48.150 - - [10/Mar/2017:13:21:12 +0200] "HEAD / HTTP/1.0" 200 - "http://centerreklama.ru/" "Mozilla/3.0 (compatible; MSIE5.00; Windows 2002)"
92.112.28.9 - - [10/Mar/2017:13:27:49 +0200] "GET /index.php/news/item/848-pid-materinskim-pokrovom-divi-mariyi.html HTTP/1.0" 200 15433 "-" "Mozilla/5.0 (Linux; Android 4.4.2; Lenovo A536 Build/KOT49H) AppleWebKit/537.36 (KHTML, like Gecko) Chrome/56.0.2924.87 Mobile Safari/537.36"
92.112.28.9 - - [10/Mar/2017:13:28:14 +0200] "GET /index.php/news/item/848-pid-materinskim-pokrovom-divi-mariyi.html HTTP/1.0" 200 15055 "-" "Mozilla/5.0 (Linux; Android 4.4.2; Lenovo A536 Build/KOT49H) AppleWebKit/537.36 (KHTML, like Gecko) Chrome/56.0.2924.87 Mobile Safari/537.36"
207.46.13.99 - - [10/Mar/2017:13:33:10 +0200] "GET / HTTP/1.0" 200 16129 "-" "Mozilla/5.0 (compatible; bingbot/2.0; +http://www.bing.com/bingbot.htm)"
217.69.133.234 - - [10/Mar/2017:13:34:32 +0200] "GET /robots.txt HTTP/1.0" 200 1151 "-" "Mozilla/5.0 (compatible; Linux x86_64; Mail.RU_Bot/2.0; +http://go.mail.ru/help/robots)"
217.69.133.236 - - [10/Mar/2017:13:34:37 +0200] "GET /cgi-bin/document/view.cgi?cat_id=8&id=436&print=1 HTTP/1.0" 404 - "-" "Mozilla/5.0 (compatible; Linux x86_64; Mail.RU_Bot/2.0; +http://go.mail.ru/help/robots)"
217.69.133.238 - - [10/Mar/2017:13:34:41 +0200] "GET /cgi-bin/document/view.cgi?cat_id=1&id=62&print=1 HTTP/1.0" 404 - "-" "Mozilla/5.0 (compatible; Linux x86_64; Mail.RU_Bot/2.0; +http://go.mail.ru/help/robots)"
217.69.133.70 - - [10/Mar/2017:13:34:46 +0200] "GET /cgi-bin/document/view.cgi?cat_id=1&id=297&print=1 HTTP/1.0" 404 - "-" "Mozilla/5.0 (compatible; Linux x86_64; Mail.RU_Bot/2.0; +http://go.mail.ru/help/robots)"
217.69.133.238 - - [10/Mar/2017:13:34:51 +0200] "GET /document/6/490_3.html HTTP/1.0" 404 1784 "-" "Mozilla/5.0 (compatible; Linux x86_64; Mail.RU_Bot/2.0; +http://go.mail.ru/help/robots)"
217.69.133.237 - - [10/Mar/2017:13:34:56 +0200] "GET /document/2/338_1.html HTTP/1.0" 404 1784 "-" "Mozilla/5.0 (compatible; Linux x86_64; Mail.RU_Bot/2.0; +http://go.mail.ru/help/robots)"
217.69.133.235 - - [10/Mar/2017:13:35:01 +0200] "GET /vlada/oda/cina.html HTTP/1.0" 404 1784 "-" "Mozilla/5.0 (compatible; Linux x86_64; Mail.RU_Bot/2.0; +http://go.mail.ru/help/robots)"
217.69.133.70 - - [10/Mar/2017:13:35:06 +0200] "GET /document/2/239_1.html HTTP/1.0" 404 1784 "-" "Mozilla/5.0 (compatible; Linux x86_64; Mail.RU_Bot/2.0; +http://go.mail.ru/help/robots)"
217.69.133.238 - - [10/Mar/2017:13:35:11 +0200] "GET /invest/doc/10index.html HTTP/1.0" 404 1784 "-" "Mozilla/5.0 (compatible; Linux x86_64; Mail.RU_Bot/2.0; +http://go.mail.ru/help/robots)"
217.69.133.70 - - [10/Mar/2017:13:35:15 +0200] "GET /cgi-bin/tour/view.cgi?goto=38 HTTP/1.0" 404 - "-" "Mozilla/5.0 (compatible; Linux x86_64; Mail.RU_Bot/2.0; +http://go.mail.ru/help/robots)"
217.69.133.239 - - [10/Mar/2017:13:35:20 +0200] "GET /Health/Org4_5.htm HTTP/1.0" 404 1784 "-" "Mozilla/5.0 (compatible; Linux x86_64; Mail.RU_Bot/2.0; +http://go.mail.ru/help/robots)"
217.69.133.237 - - [10/Mar/2017:13:35:25 +0200] "GET /invest/doc/4/43_1.html HTTP/1.0" 404 1784 "-" "Mozilla/5.0 (compatible; Linux x86_64; Mail.RU_Bot/2.0; +http://go.mail.ru/help/robots)"
164.132.161.84 - - [10/Mar/2017:13:35:29 +0200] "GET /index.php/photogalery/36-rekolektsii-dlia-ditei-polshcha-brenna-2011/detail/534-2012-07-04-15-08-52.html?tmpl=component HTTP/1.0" 200 2539 "-" "Mozilla/5.0 (compatible; AhrefsBot/5.2; +http://ahrefs.com/robot/)"
217.69.133.239 - - [10/Mar/2017:13:35:31 +0200] "GET /cgi-bin/tour/view.cgi?goto=34 HTTP/1.0" 404 - "-" "Mozilla/5.0 (compatible; Linux x86_64; Mail.RU_Bot/2.0; +http://go.mail.ru/help/robots)"
217.69.133.235 - - [10/Mar/2017:13:35:36 +0200] "GET /Health/Design.htm HTTP/1.0" 404 1784 "-" "Mozilla/5.0 (compatible; Linux x86_64; Mail.RU_Bot/2.0; +http://go.mail.ru/help/robots)"
109.229.0.113 - - [10/Mar/2017:13:35:38 +0200] "GET /index.php/news/item/848-pid-materinskim-pokrovom-divi-mariyi.html HTTP/1.0" 302 - "http://m.facebook.com/" "Mozilla/5.0 (Linux; Android 5.1.1; SM-J200H Build/LMY48B; wv) AppleWebKit/537.36 (KHTML, like Gecko) Version/4.0 Chrome/56.0.2924.87 Mobile Safari/537.36 [FB_IAB/FB4A;FBAV/114.0.0.20.70;]"
217.69.133.240 - - [10/Mar/2017:13:35:41 +0200] "GET /bukovina/3/38_1.html HTTP/1.0" 404 1784 "-" "Mozilla/5.0 (compatible; Linux x86_64; Mail.RU_Bot/2.0; +http://go.mail.ru/help/robots)"
217.69.133.234 - - [10/Mar/2017:13:35:47 +0200] "GET /invest/doc/3/19_1.html HTTP/1.0" 404 1784 "-" "Mozilla/5.0 (compatible; Linux x86_64; Mail.RU_Bot/2.0; +http://go.mail.ru/help/robots)"
217.69.133.237 - - [10/Mar/2017:13:35:53 +0200] "GET /bukovina/13/index.html HTTP/1.0" 404 1784 "-" "Mozilla/5.0 (compatible; Linux x86_64; Mail.RU_Bot/2.0; +http://go.mail.ru/help/robots)"
217.69.133.235 - - [10/Mar/2017:13:35:58 +0200] "GET /document/2/28_1.html HTTP/1.0" 404 1784 "-" "Mozilla/5.0 (compatible; Linux x86_64; Mail.RU_Bot/2.0; +http://go.mail.ru/help/robots)"
217.69.133.240 - - [10/Mar/2017:13:36:04 +0200] "GET /document/6/294_1.html HTTP/1.0" 404 1784 "-" "Mozilla/5.0 (compatible; Linux x86_64; Mail.RU_Bot/2.0; +http://go.mail.ru/help/robots)"
51.255.65.43 - - [10/Mar/2017:13:36:08 +0200] "GET /document/2/129_1.html HTTP/1.0" 404 1784 "-" "Mozilla/5.0 (compatible; AhrefsBot/5.2; +http://ahrefs.com/robot/)"
217.69.133.236 - - [10/Mar/2017:13:36:09 +0200] "GET /economics/2index.html HTTP/1.0" 404 1784 "-" "Mozilla/5.0 (compatible; Linux x86_64; Mail.RU_Bot/2.0; +http://go.mail.ru/help/robots)"
217.69.133.239 - - [10/Mar/2017:13:36:15 +0200] "GET /document/2/337_1.html HTTP/1.0" 404 1784 "-" "Mozilla/5.0 (compatible; Linux x86_64; Mail.RU_Bot/2.0; +http://go.mail.ru/help/robots)"
217.69.133.238 - - [10/Mar/2017:13:36:20 +0200] "GET /Health/Page2.htm HTTP/1.0" 404 1784 "-" "Mozilla/5.0 (compatible; Linux x86_64; Mail.RU_Bot/2.0; +http://go.mail.ru/help/robots)"
40.77.167.80 - - [10/Mar/2017:13:36:24 +0200] "GET /document/2/11index.html HTTP/1.0" 404 1784 "-" "Mozilla/5.0 (compatible; bingbot/2.0; +http://www.bing.com/bingbot.htm)"
217.69.133.236 - - [10/Mar/2017:13:36:25 +0200] "GET /tender/2/7_1.html HTTP/1.0" 404 1784 "-" "Mozilla/5.0 (compatible; Linux x86_64; Mail.RU_Bot/2.0; +http://go.mail.ru/help/robots)"
217.69.133.234 - - [10/Mar/2017:13:36:30 +0200] "GET /NJaremchuk/gnatyk.html HTTP/1.0" 404 1784 "-" "Mozilla/5.0 (compatible; Linux x86_64; Mail.RU_Bot/2.0; +http://go.mail.ru/help/robots)"
217.69.133.234 - - [10/Mar/2017:13:36:36 +0200] "GET /tour/4/45_1.html HTTP/1.0" 404 1784 "-" "Mozilla/5.0 (compatible; Linux x86_64; Mail.RU_Bot/2.0; +http://go.mail.ru/help/robots)"
217.69.133.70 - - [10/Mar/2017:13:36:42 +0200] "GET /document/2/150_1.html HTTP/1.0" 404 1784 "-" "Mozilla/5.0 (compatible; Linux x86_64; Mail.RU_Bot/2.0; +http://go.mail.ru/help/robots)"
217.69.133.70 - - [10/Mar/2017:13:36:48 +0200] "GET /bukovina/3index.html HTTP/1.0" 404 1784 "-" "Mozilla/5.0 (compatible; Linux x86_64; Mail.RU_Bot/2.0; +http://go.mail.ru/help/robots)"
217.69.133.234 - - [10/Mar/2017:13:36:53 +0200] "GET /document/2/302_1.html HTTP/1.0" 404 1784 "-" "Mozilla/5.0 (compatible; Linux x86_64; Mail.RU_Bot/2.0; +http://go.mail.ru/help/robots)"
217.69.133.240 - - [10/Mar/2017:13:36:59 +0200] "GET /bukovina/9/95_1.html HTTP/1.0" 404 1784 "-" "Mozilla/5.0 (compatible; Linux x86_64; Mail.RU_Bot/2.0; +http://go.mail.ru/help/robots)"
217.69.133.235 - - [10/Mar/2017:13:37:05 +0200] "GET /document/2/384_1.html HTTP/1.0" 404 1784 "-" "Mozilla/5.0 (compatible; Linux x86_64; Mail.RU_Bot/2.0; +http://go.mail.ru/help/robots)"
217.69.133.235 - - [10/Mar/2017:13:37:10 +0200] "GET /document/2/217_1.html HTTP/1.0" 404 1784 "-" "Mozilla/5.0 (compatible; Linux x86_64; Mail.RU_Bot/2.0; +http://go.mail.ru/help/robots)"
217.69.133.70 - - [10/Mar/2017:13:37:17 +0200] "GET /document/2/390_1.html HTTP/1.0" 404 1784 "-" "Mozilla/5.0 (compatible; Linux x86_64; Mail.RU_Bot/2.0; +http://go.mail.ru/help/robots)"
217.69.133.238 - - [10/Mar/2017:13:37:21 +0200] "GET /document/6/327_1.html HTTP/1.0" 404 1784 "-" "Mozilla/5.0 (compatible; Linux x86_64; Mail.RU_Bot/2.0; +http://go.mail.ru/help/robots)"
217.69.133.70 - - [10/Mar/2017:13:37:27 +0200] "GET /document/2/273_1.html HTTP/1.0" 404 1784 "-" "Mozilla/5.0 (compatible; Linux x86_64; Mail.RU_Bot/2.0; +http://go.mail.ru/help/robots)"
130.193.37.26 - - [10/Mar/2017:13:37:30 +0200] "GET /robots.txt HTTP/1.0" 200 1151 "-" "Mozilla/5.0 (compatible; YandexBot/3.0; +http://yandex.com/bots)"
217.69.133.240 - - [10/Mar/2017:13:37:34 +0200] "GET /economics/6/49_1.html HTTP/1.0" 404 1784 "-" "Mozilla/5.0 (compatible; Linux x86_64; Mail.RU_Bot/2.0; +http://go.mail.ru/help/robots)"
217.69.133.240 - - [10/Mar/2017:13:37:39 +0200] "GET /bukovina/7/30_1.html HTTP/1.0" 404 1784 "-" "Mozilla/5.0 (compatible; Linux x86_64; Mail.RU_Bot/2.0; +http://go.mail.ru/help/robots)"
217.69.133.240 - - [10/Mar/2017:13:37:44 +0200] "GET /document/2/130_1.html HTTP/1.0" 404 1784 "-" "Mozilla/5.0 (compatible; Linux x86_64; Mail.RU_Bot/2.0; +http://go.mail.ru/help/robots)"
217.69.133.239 - - [10/Mar/2017:13:37:50 +0200] "GET /document/6/501_1.html HTTP/1.0" 404 1784 "-" "Mozilla/5.0 (compatible; Linux x86_64; Mail.RU_Bot/2.0; +http://go.mail.ru/help/robots)"
217.69.133.239 - - [10/Mar/2017:13:37:55 +0200] "GET /document/2/44_1.html HTTP/1.0" 404 1784 "-" "Mozilla/5.0 (compatible; Linux x86_64; Mail.RU_Bot/2.0; +http://go.mail.ru/help/robots)"
217.69.133.240 - - [10/Mar/2017:13:38:00 +0200] "GET /document/2/310_1.html HTTP/1.0" 404 1784 "-" "Mozilla/5.0 (compatible; Linux x86_64; Mail.RU_Bot/2.0; +http://go.mail.ru/help/robots)"
217.69.133.239 - - [10/Mar/2017:13:38:06 +0200] "GET /document/2/375_1.html HTTP/1.0" 404 1784 "-" "Mozilla/5.0 (compatible; Linux x86_64; Mail.RU_Bot/2.0; +http://go.mail.ru/help/robots)"
217.69.133.70 - - [10/Mar/2017:13:38:12 +0200] "GET /document/5/502_1.html HTTP/1.0" 404 1784 "-" "Mozilla/5.0 (compatible; Linux x86_64; Mail.RU_Bot/2.0; +http://go.mail.ru/help/robots)"
217.69.133.70 - - [10/Mar/2017:13:38:18 +0200] "GET /cgi-bin/invest/view.cgi?goto=51 HTTP/1.0" 404 - "-" "Mozilla/5.0 (compatible; Linux x86_64; Mail.RU_Bot/2.0; +http://go.mail.ru/help/robots)"
217.69.133.240 - - [10/Mar/2017:13:38:26 +0200] "GET /Health/Page8.htm HTTP/1.0" 404 1784 "-" "Mozilla/5.0 (compatible; Linux x86_64; Mail.RU_Bot/2.0; +http://go.mail.ru/help/robots)"
40.77.167.80 - - [10/Mar/2017:13:38:25 +0200] "GET /index.php/news/item/848-pid-materinskim-pokrovom-divi-mariyi.html HTTP/1.0" 200 15482 "-" "Mozilla/5.0 (compatible; bingbot/2.0; +http://www.bing.com/bingbot.htm)"
217.69.133.70 - - [10/Mar/2017:13:38:32 +0200] "GET /document/2/195_1.html HTTP/1.0" 404 1784 "-" "Mozilla/5.0 (compatible; Linux x86_64; Mail.RU_Bot/2.0; +http://go.mail.ru/help/robots)"
217.69.133.239 - - [10/Mar/2017:13:38:37 +0200] "GET /document/1/55_1.html HTTP/1.0" 404 1784 "-" "Mozilla/5.0 (compatible; Linux x86_64; Mail.RU_Bot/2.0; +http://go.mail.ru/help/robots)"
217.69.133.237 - - [10/Mar/2017:13:38:42 +0200] "GET /document/7/80_1.html HTTP/1.0" 404 1784 "-" "Mozilla/5.0 (compatible; Linux x86_64; Mail.RU_Bot/2.0; +http://go.mail.ru/help/robots)"
217.69.133.237 - - [10/Mar/2017:13:38:48 +0200] "GET /tour/1/52_1.html HTTP/1.0" 404 1784 "-" "Mozilla/5.0 (compatible; Linux x86_64; Mail.RU_Bot/2.0; +http://go.mail.ru/help/robots)"
217.69.133.237 - - [10/Mar/2017:13:38:53 +0200] "GET /economics/7/index.html HTTP/1.0" 404 1784 "-" "Mozilla/5.0 (compatible; Linux x86_64; Mail.RU_Bot/2.0; +http://go.mail.ru/help/robots)"
217.69.133.236 - - [10/Mar/2017:13:38:58 +0200] "GET /invest/doc/7/56_1.html HTTP/1.0" 404 1784 "-" "Mozilla/5.0 (compatible; Linux x86_64; Mail.RU_Bot/2.0; +http://go.mail.ru/help/robots)"
217.69.133.239 - - [10/Mar/2017:13:39:03 +0200] "GET /cgi-bin/document/view.cgi?cat_id=2&id=162&print=1 HTTP/1.0" 404 - "-" "Mozilla/5.0 (compatible; Linux x86_64; Mail.RU_Bot/2.0; +http://go.mail.ru/help/robots)"
217.69.133.70 - - [10/Mar/2017:13:39:10 +0200] "GET /document/1/483_1.html HTTP/1.0" 404 1784 "-" "Mozilla/5.0 (compatible; Linux x86_64; Mail.RU_Bot/2.0; +http://go.mail.ru/help/robots)"
217.69.133.238 - - [10/Mar/2017:13:39:14 +0200] "GET /document/4/114_1.html HTTP/1.0" 404 1784 "-" "Mozilla/5.0 (compatible; Linux x86_64; Mail.RU_Bot/2.0; +http://go.mail.ru/help/robots)"
217.69.133.236 - - [10/Mar/2017:13:39:23 +0200] "GET /document/1/84_1.html HTTP/1.0" 404 1784 "-" "Mozilla/5.0 (compatible; Linux x86_64; Mail.RU_Bot/2.0; +http://go.mail.ru/help/robots)"
217.69.133.235 - - [10/Mar/2017:13:39:27 +0200] "GET /document/2/212_1.html HTTP/1.0" 404 1784 "-" "Mozilla/5.0 (compatible; Linux x86_64; Mail.RU_Bot/2.0; +http://go.mail.ru/help/robots)"
217.69.133.235 - - [10/Mar/2017:13:39:32 +0200] "GET /tender/2/2_1.html HTTP/1.0" 404 1784 "-" "Mozilla/5.0 (compatible; Linux x86_64; Mail.RU_Bot/2.0; +http://go.mail.ru/help/robots)"
217.69.133.238 - - [10/Mar/2017:13:39:37 +0200] "GET /archive/news_arch.php?page=305 HTTP/1.0" 404 1784 "-" "Mozilla/5.0 (compatible; Linux x86_64; Mail.RU_Bot/2.0; +http://go.mail.ru/help/robots)"
51.255.65.68 - - [10/Mar/2017:13:44:34 +0200] "GET /index.php/yuvilei-200-littia/item/631-skoshtuvati-mozhna-bulo-bigos-z-kovbaskami-zhurek-golubtsi-yuvileyniy-festin.html?tmpl=component&print=1 HTTP/1.0" 200 4716 "-" "Mozilla/5.0 (compatible; AhrefsBot/5.2; +http://ahrefs.com/robot/)"
194.44.23.62 - - [10/Mar/2017:13:44:54 +0200] "GET / HTTP/1.0" 200 16477 "-" "Mozilla/5.0 (Windows NT 10.0; WOW64; rv:51.0) Gecko/20100101 Firefox/51.0"
194.44.23.62 - - [10/Mar/2017:13:45:04 +0200] "GET /index.php/news/item/848-pid-materinskim-pokrovom-divi-mariyi.html HTTP/1.0" 200 15454 "http://rkc.cv.ua/" "Mozilla/5.0 (Windows NT 10.0; WOW64; rv:51.0) Gecko/20100101 Firefox/51.0"
77.123.110.186 - - [10/Mar/2017:13:45:09 +0200] "GET /index.php/news/item/848-pid-materinskim-pokrovom-divi-mariyi.html HTTP/1.0" 302 - "http://m.facebook.com/" "Mozilla/5.0 (Linux; Android 6.0.1; Redmi 3S Build/MMB29M; wv) AppleWebKit/537.36 (KHTML, like Gecko) Version/4.0 Chrome/56.0.2924.87 Mobile Safari/537.36 [FB_IAB/FB4A;FBAV/113.0.0.16.70;]"
194.87.238.17 - - [10/Mar/2017:13:49:55 +0200] "HEAD / HTTP/1.0" 200 - "http://zhenskayadolya.ru/dieta-shtruntsa-pohudenie-i-omolozhenie/" "Mozilla/2.0 (compatible; MSIE7.00; Windows 2008)"
194.87.234.246 - - [10/Mar/2017:13:53:11 +0200] "HEAD / HTTP/1.0" 302 - "https://carivka.com.ua/news/82-maslenitsa.html" "Mozilla/8.0 (compatible; MSIE6.00; Windows 2006)"
195.133.147.74 - - [10/Mar/2017:13:53:30 +0200] "HEAD / HTTP/1.0" 200 - "https://freedom.co.ua/pled" "Mozilla/4.0 (compatible; MSIE4.00; Windows 2002)"
130.193.37.26 - - [10/Mar/2017:13:59:13 +0200] "GET /index.php/photogalery/11-mizhkonfesiina-zustrich-2010/detail/168-zustrich-2010.html?tmpl=component&phocadownload=2 HTTP/1.0" 200 221972 "-" "Mozilla/5.0 (compatible; YandexImages/3.0; +http://yandex.com/bots)"
194.44.216.194 - - [10/Mar/2017:13:59:33 +0200] "GET /index.php/news/item/848-pid-materinskim-pokrovom-divi-mariyi.html HTTP/1.0" 200 15461 "http://rkc.lviv.ua/news_view-Pid_materunskum_pokrovom_Divu_Marii__Vseukrainskuj_Den_zoseredzhennya_Ruxu_Nazaretskux_rodun-ua" "Mozilla/5.0 (Windows NT 6.1) AppleWebKit/537.36 (KHTML, like Gecko) Chrome/56.0.2924.87 Safari/537.36"
194.44.216.194 - - [10/Mar/2017:13:59:48 +0200] "GET /index.php/photogalery.html HTTP/1.0" 200 15302 "http://www.rkc.cv.ua/index.php/news/item/848-pid-materinskim-pokrovom-divi-mariyi.html" "Mozilla/5.0 (Windows NT 6.1) AppleWebKit/537.36 (KHTML, like Gecko) Chrome/56.0.2924.87 Safari/537.36"
195.133.147.6 - - [10/Mar/2017:13:59:45 +0200] "HEAD / HTTP/1.0" 200 - "https://pamjatnik.com.ua/o-granite/189-chelnovskoje-mestorozhdenije-granita" "Mozilla/7.0 (compatible; MSIE3.00; Windows 2007)"
194.44.216.194 - - [10/Mar/2017:13:59:51 +0200] "GET /index.php/photogalery.html HTTP/1.0" 200 15304 "http://www.rkc.cv.ua/index.php/news/item/848-pid-materinskim-pokrovom-divi-mariyi.html" "Mozilla/5.0 (Windows NT 6.1) AppleWebKit/537.36 (KHTML, like Gecko) Chrome/56.0.2924.87 Safari/537.36"
163.172.64.185 - - [10/Mar/2017:14:00:35 +0200] "GET /index.php/statti/item/498-bukovinska-spilnota-preobrazhennya-gospodnogo-v-nizhnih-petrivtsyah.html?tmpl=component&print=1 HTTP/1.0" 200 4693 "-" "Mozilla/5.0 (compatible; AhrefsBot/5.2; +http://ahrefs.com/robot/)"
130.193.37.26 - - [10/Mar/2017:14:10:46 +0200] "GET /index.php/photogalery/29-velykodnia-zustrich-2012/detail/319-2012-05-15-16-39-11.html?tmpl=component&phocadownload=2 HTTP/1.0" 200 182569 "-" "Mozilla/5.0 (compatible; YandexImages/3.0; +http://yandex.com/bots)"
178.93.148.142 - - [10/Mar/2017:14:12:10 +0200] "GET /index.php/news/item/848-pid-materinskim-pokrovom-divi-mariyi.html HTTP/1.0" 302 - "http://m.facebook.com" "Mozilla/5.0 (iPhone; CPU iPhone OS 10_1_1 like Mac OS X) AppleWebKit/602.2.14 (KHTML, like Gecko) Mobile/14B100 [FBAN/FBIOS;FBAV/82.0.0.42.69;FBBV/51077300;FBRV/51295277;FBDV/iPhone6,1;FBMD/iPhone;FBSN/iOS;FBSV/10.1.1;FBSS/2;FBCR/Carrier;FBID/phone;FBLC/en_US;FBOP/5]"
51.255.65.13 - - [10/Mar/2017:14:15:44 +0200] "GET /index.php/news/item/448-tayinstvo-miropomazannya-%e2%80%93-parafiyalne-svyato.html?tmpl=component&print=1 HTTP/1.0" 200 5130 "-" "Mozilla/5.0 (compatible; AhrefsBot/5.2; +http://ahrefs.com/robot/)"
130.193.37.26 - - [10/Mar/2017:14:20:06 +0200] "GET /index.php/photogalery/33-remont-dakhu-kostelu-2012/detail/378-2012-05-22-09-35-27.html?tmpl=component&phocadownload=2 HTTP/1.0" 200 211486 "-" "Mozilla/5.0 (compatible; YandexImages/3.0; +http://yandex.com/bots)"
95.243.47.2 - - [10/Mar/2017:14:24:52 +0200] "GET /index.php/news/item/848-pid-materinskim-pokrovom-divi-mariyi.html HTTP/1.0" 302 - "http://m.facebook.com/" "Mozilla/5.0 (Linux; Android 6.0.1; SM-J500H Build/MMB29M; wv) AppleWebKit/537.36 (KHTML, like Gecko) Version/4.0 Chrome/55.0.2883.91 Mobile Safari/537.36 [FB_IAB/FB4A;FBAV/109.0.0.15.71;]"
194.44.128.142 - - [10/Mar/2017:14:27:18 +0200] "GET / HTTP/1.0" 200 16494 "-" "Mozilla/5.0 (Windows NT 6.1) AppleWebKit/537.36 (KHTML, like Gecko) Chrome/56.0.2924.87 Safari/537.36 OPR/43.0.2442.1144"
194.44.128.142 - - [10/Mar/2017:14:27:46 +0200] "GET /favicon.ico HTTP/1.0" 404 - "http://rkc.cv.ua/" "Mozilla/5.0 (Windows NT 6.1) AppleWebKit/537.36 (KHTML, like Gecko) Chrome/56.0.2924.87 Safari/537.36 OPR/43.0.2442.1144"
193.34.173.126 - - [10/Mar/2017:14:28:12 +0200] "GET /index.php/news/item/848-pid-materinskim-pokrovom-divi-mariyi.html HTTP/1.0" 302 - "http://m.facebook.com/" "Mozilla/5.0 (Linux; U; Android 4.2.2; ru-ru; Lenovo A526 Build/JDQ39) AppleWebKit/534.30 (KHTML, like Gecko) Version/4.0 Mobile Safari/534.30 [FB_IAB/FB4A;FBAV/90.0.0.20.70;]"
194.44.128.142 - - [10/Mar/2017:14:28:34 +0200] "GET /index.php/news/item/848-pid-materinskim-pokrovom-divi-mariyi.html HTTP/1.0" 200 15442 "http://rkc.cv.ua/" "Mozilla/5.0 (Windows NT 6.1) AppleWebKit/537.36 (KHTML, like Gecko) Chrome/56.0.2924.87 Safari/537.36 OPR/43.0.2442.1144"
194.44.128.142 - - [10/Mar/2017:14:28:39 +0200] "GET /index.php/news/item/848-pid-materinskim-pokrovom-divi-mariyi.html HTTP/1.0" 200 15425 "http://rkc.cv.ua/" "Mozilla/5.0 (Windows NT 6.1) AppleWebKit/537.36 (KHTML, like Gecko) Chrome/56.0.2924.87 Safari/537.36 OPR/43.0.2442.1144"
46.200.143.30 - - [10/Mar/2017:14:33:38 +0200] "GET / HTTP/1.0" 200 16494 "-" "Mozilla/5.0 (Windows NT 6.1) AppleWebKit/537.36 (KHTML, like Gecko) Chrome/56.0.2924.87 Safari/537.36"
46.200.143.30 - - [10/Mar/2017:14:33:53 +0200] "GET /index.php/communities.html HTTP/1.0" 200 13006 "http://www.rkc.cv.ua/" "Mozilla/5.0 (Windows NT 6.1) AppleWebKit/537.36 (KHTML, like Gecko) Chrome/56.0.2924.87 Safari/537.36"
195.88.139.190 - - [10/Mar/2017:14:34:49 +0200] "GET /index.php/news/item/848-pid-materinskim-pokrovom-divi-mariyi.html HTTP/1.0" 302 - "http://m.facebook.com/" "Mozilla/5.0 (Linux; Android 6.0; Lenovo TB3-730X Build/MRA58K; wv) AppleWebKit/537.36 (KHTML, like Gecko) Version/4.0 Chrome/56.0.2924.87 Safari/537.36 [FB_IAB/FB4A;FBAV/114.0.0.20.70;]"
163.172.64.239 - - [10/Mar/2017:14:39:26 +0200] "GET /index.php/photogalery/5-khresna-doroha-vulytsiamy-chernivtsiv-2011-rik/detail/58-5.html?tmpl=component HTTP/1.0" 200 2225 "-" "Mozilla/5.0 (compatible; AhrefsBot/5.2; +http://ahrefs.com/robot/)"
109.95.48.54 - - [10/Mar/2017:14:40:06 +0200] "GET /index.php/news/item/848-pid-materinskim-pokrovom-divi-mariyi.html HTTP/1.0" 200 15478 "http://www.rkc.lviv.ua/news_view-Pid_materunskum_pokrovom_Divu_Marii__Vseukrainskuj_Den_zoseredzhennya_Ruxu_Nazaretskux_rodun-ua" "Mozilla/5.0 (Windows NT 6.1; Win64; x64) AppleWebKit/537.36 (KHTML, like Gecko) Chrome/56.0.2924.87 Safari/537.36"
207.46.13.99 - - [10/Mar/2017:14:41:48 +0200] "GET /index.php/videozbirka HTTP/1.0" 200 15485 "-" "Mozilla/5.0 (compatible; bingbot/2.0; +http://www.bing.com/bingbot.htm)"
164.132.161.83 - - [10/Mar/2017:14:45:45 +0200] "GET /index.php/news/item/740-radist-yaka-ne-mae-mezh.html HTTP/1.0" 200 15338 "-" "Mozilla/5.0 (compatible; AhrefsBot/5.2; +http://ahrefs.com/robot/)"
79.152.45.159 - - [10/Mar/2017:14:45:54 +0200] "GET /wp-login.php HTTP/1.0" 404 1784 "-" "Mozilla/5.0 (Windows NT 6.1; WOW64; rv:40.0) Gecko/20100101 Firefox/40.1"
79.152.45.159 - - [10/Mar/2017:14:45:55 +0200] "GET / HTTP/1.0" 200 68523 "-" "Mozilla/5.0 (Windows NT 6.1; WOW64; rv:40.0) Gecko/20100101 Firefox/40.1"
94.230.200.185 - - [10/Mar/2017:14:46:51 +0200] "GET /index.php/news/item/816-novi-ministranti-v-nashiy-parafiyi.html HTTP/1.0" 200 15543 "http://search.ukr.net" "Mozilla/5.0 (X11; Ubuntu; Linux i686; rv:47.0) Gecko/20100101 Firefox/47.0"
163.172.64.228 - - [10/Mar/2017:14:51:31 +0200] "GET /index.php/statti/item/583-yuvileyniy-rik-200-richchya-tse-chas-osoblivogo-blagoslovennya-dlya-bukovini-%e2%80%93-episkop-leon-maliy.html HTTP/1.0" 200 15961 "-" "Mozilla/5.0 (compatible; AhrefsBot/5.2; +http://ahrefs.com/robot/)"
54.191.168.153 - - [10/Mar/2017:14:53:47 +0200] "GET / HTTP/1.0" 200 16500 "-" "Mozilla/5.0 (Macintosh; Intel Mac OS X 10_10_3) AppleWebKit/537.36 (KHTML, like Gecko) Chrome/44.0.2403.89 Safari/537.36"
164.132.161.4 - - [10/Mar/2017:15:01:18 +0200] "GET /index.php/photogalery/3-kostel/detail/619-2012-07-10-15-52-39.html?tmpl=component HTTP/1.0" 200 2364 "-" "Mozilla/5.0 (compatible; AhrefsBot/5.2; +http://ahrefs.com/robot/)"
51.255.65.79 - - [10/Mar/2017:15:03:18 +0200] "GET /index.php/statti/item/518-vira-nemov-duhovna-kvitka.html?tmpl=component&print=1 HTTP/1.0" 200 4320 "-" "Mozilla/5.0 (compatible; AhrefsBot/5.2; +http://ahrefs.com/robot/)"
141.8.184.27 - - [10/Mar/2017:15:03:24 +0200] "GET /robots.txt HTTP/1.0" 200 1151 "-" "Mozilla/5.0 (compatible; YandexBot/3.0; +http://yandex.com/bots)"
141.8.184.27 - - [10/Mar/2017:15:04:29 +0200] "GET /robots.txt HTTP/1.0" 200 1151 "-" "Mozilla/5.0 (compatible; YandexBot/3.0; +http://yandex.com/bots)"
130.193.51.9 - - [10/Mar/2017:15:04:33 +0200] "GET /index.php/photogalery/29-velykodnia-zustrich-2012/detail/321-2012-05-15-16-39-11.html?tmpl=component&phocadownload=2 HTTP/1.0" 200 218595 "-" "Mozilla/5.0 (compatible; YandexImages/3.0; +http://yandex.com/bots)"
217.69.133.239 - - [10/Mar/2017:15:08:09 +0200] "GET /robots.txt HTTP/1.0" 200 1151 "-" "Mozilla/5.0 (compatible; Linux x86_64; Mail.RU_Bot/2.0; +http://go.mail.ru/help/robots)"
217.69.133.235 - - [10/Mar/2017:15:08:14 +0200] "GET /robots.txt HTTP/1.0" 200 1151 "-" "Mozilla/5.0 (compatible; Linux x86_64; Mail.RU_Bot/2.0; +http://go.mail.ru/help/robots)"
217.69.133.234 - - [10/Mar/2017:15:08:19 +0200] "GET /index.php/dushpastyri.html HTTP/1.0" 200 12465 "-" "Mozilla/5.0 (compatible; Linux x86_64; Mail.RU_Bot/2.0; +http://go.mail.ru/help/robots)"
217.69.133.235 - - [10/Mar/2017:15:08:27 +0200] "GET /index.php/statti/item/310-%d1%85%d1%80%d0%b5%d1%81%d0%bd%d0%b0-%d0%b4%d0%be%d1%80%d0%be%d0%b3%d0%b0-%d0%b4%d0%bb%d1%8f-%d0%bc%d0%be%d0%bb%d0%be%d0%b4%d1%96.html HTTP/1.0" 200 24379 "-" "Mozilla/5.0 (compatible; Linux x86_64; Mail.RU_Bot/2.0; +http://go.mail.ru/help/robots)"
164.132.161.4 - - [10/Mar/2017:15:08:35 +0200] "GET /index.php/photogalery/23-sviato-bozhoho-tila-2008-rik/detail/250-sviato-bozhoho-tila.html?tmpl=component&phocadownload=2 HTTP/1.0" 200 50807 "-" "Mozilla/5.0 (compatible; AhrefsBot/5.2; +http://ahrefs.com/robot/)"
217.69.133.234 - - [10/Mar/2017:15:08:35 +0200] "GET /index.php/oholoshennia/item/313-%d0%b2%d0%b5%d0%bb%d0%b8%d0%ba%d0%be%d0%bf%d1%96%d1%81%d0%bd%d1%96-%d1%80%d0%b5%d0%ba%d0%be%d0%bb%d0%b5%d0%ba%d1%86%d1%96%d1%97.html HTTP/1.0" 200 14279 "-" "Mozilla/5.0 (compatible; Linux x86_64; Mail.RU_Bot/2.0; +http://go.mail.ru/help/robots)"
217.69.133.236 - - [10/Mar/2017:15:08:44 +0200] "GET /cgi-bin/tour/comments.cgi?cat_id=4&id=59 HTTP/1.0" 404 - "-" "Mozilla/5.0 (compatible; Linux x86_64; Mail.RU_Bot/2.0; +http://go.mail.ru/help/robots)"
217.69.133.240 - - [10/Mar/2017:15:08:48 +0200] "GET /cgi-bin/tour/view.cgi?cat_id=3&id=54&print=1 HTTP/1.0" 404 - "-" "Mozilla/5.0 (compatible; Linux x86_64; Mail.RU_Bot/2.0; +http://go.mail.ru/help/robots)"
217.69.133.234 - - [10/Mar/2017:15:08:53 +0200] "GET /cgi-bin/tour/view.cgi?cat_id=1&id=3&page=3 HTTP/1.0" 404 - "-" "Mozilla/5.0 (compatible; Linux x86_64; Mail.RU_Bot/2.0; +http://go.mail.ru/help/robots)"
217.69.133.236 - - [10/Mar/2017:15:08:58 +0200] "GET /document/2/224_1.html HTTP/1.0" 404 1784 "-" "Mozilla/5.0 (compatible; Linux x86_64; Mail.RU_Bot/2.0; +http://go.mail.ru/help/robots)"
164.132.161.76 - - [10/Mar/2017:15:08:53 +0200] "GET /index.php/oholoshennia/item/799-parafiyalni-ogoloshennya-vid-7-serpnya-2016-roku.html HTTP/1.0" 200 14664 "-" "Mozilla/5.0 (compatible; AhrefsBot/5.2; +http://ahrefs.com/robot/)"
217.69.133.237 - - [10/Mar/2017:15:09:04 +0200] "GET /document/6/488_1.html HTTP/1.0" 404 1784 "-" "Mozilla/5.0 (compatible; Linux x86_64; Mail.RU_Bot/2.0; +http://go.mail.ru/help/robots)"
217.69.133.236 - - [10/Mar/2017:15:09:09 +0200] "GET /obl/2003/put1kv.html HTTP/1.0" 404 1784 "-" "Mozilla/5.0 (compatible; Linux x86_64; Mail.RU_Bot/2.0; +http://go.mail.ru/help/robots)"
217.69.133.234 - - [10/Mar/2017:15:09:14 +0200] "GET /document/2/382_1.html HTTP/1.0" 404 1784 "-" "Mozilla/5.0 (compatible; Linux x86_64; Mail.RU_Bot/2.0; +http://go.mail.ru/help/robots)"
217.69.133.239 - - [10/Mar/2017:15:09:19 +0200] "GET /economics/3/7_1.html HTTP/1.0" 404 1784 "-" "Mozilla/5.0 (compatible; Linux x86_64; Mail.RU_Bot/2.0; +http://go.mail.ru/help/robots)"
217.69.133.234 - - [10/Mar/2017:15:09:23 +0200] "GET /Tourizm/eng/e_puty.html HTTP/1.0" 404 1784 "-" "Mozilla/5.0 (compatible; Linux x86_64; Mail.RU_Bot/2.0; +http://go.mail.ru/help/robots)"
217.69.133.235 - - [10/Mar/2017:15:09:28 +0200] "GET /bukovina/9/44_1.html HTTP/1.0" 404 1784 "-" "Mozilla/5.0 (compatible; Linux x86_64; Mail.RU_Bot/2.0; +http://go.mail.ru/help/robots)"
217.69.133.234 - - [10/Mar/2017:15:09:32 +0200] "GET /document/4/167_1.html HTTP/1.0" 404 1784 "-" "Mozilla/5.0 (compatible; Linux x86_64; Mail.RU_Bot/2.0; +http://go.mail.ru/help/robots)"
217.69.133.240 - - [10/Mar/2017:15:09:38 +0200] "GET /document/1/497_1.html HTTP/1.0" 404 1784 "-" "Mozilla/5.0 (compatible; Linux x86_64; Mail.RU_Bot/2.0; +http://go.mail.ru/help/robots)"
217.69.133.234 - - [10/Mar/2017:15:09:44 +0200] "GET /document/1/83_1.html HTTP/1.0" 404 1784 "-" "Mozilla/5.0 (compatible; Linux x86_64; Mail.RU_Bot/2.0; +http://go.mail.ru/help/robots)"
217.69.133.237 - - [10/Mar/2017:15:09:49 +0200] "GET /tour/1/8_1.html HTTP/1.0" 404 1784 "-" "Mozilla/5.0 (compatible; Linux x86_64; Mail.RU_Bot/2.0; +http://go.mail.ru/help/robots)"
217.69.133.238 - - [10/Mar/2017:15:09:54 +0200] "GET /human/turizm.html HTTP/1.0" 404 1784 "-" "Mozilla/5.0 (compatible; Linux x86_64; Mail.RU_Bot/2.0; +http://go.mail.ru/help/robots)"
217.69.133.239 - - [10/Mar/2017:15:09:59 +0200] "GET /document/1/48_1.html HTTP/1.0" 404 1784 "-" "Mozilla/5.0 (compatible; Linux x86_64; Mail.RU_Bot/2.0; +http://go.mail.ru/help/robots)"
217.69.133.234 - - [10/Mar/2017:15:10:04 +0200] "GET /bukovina/9/index.html HTTP/1.0" 404 1784 "-" "Mozilla/5.0 (compatible; Linux x86_64; Mail.RU_Bot/2.0; +http://go.mail.ru/help/robots)"
217.69.133.240 - - [10/Mar/2017:15:10:09 +0200] "GET /document/6/119_1.html HTTP/1.0" 404 1784 "-" "Mozilla/5.0 (compatible; Linux x86_64; Mail.RU_Bot/2.0; +http://go.mail.ru/help/robots)"
217.69.133.235 - - [10/Mar/2017:15:10:15 +0200] "GET /document/2/214_1.html HTTP/1.0" 404 1784 "-" "Mozilla/5.0 (compatible; Linux x86_64; Mail.RU_Bot/2.0; +http://go.mail.ru/help/robots)"
217.69.133.234 - - [10/Mar/2017:15:10:21 +0200] "GET /document/8/262_1.html HTTP/1.0" 404 1784 "-" "Mozilla/5.0 (compatible; Linux x86_64; Mail.RU_Bot/2.0; +http://go.mail.ru/help/robots)"
217.69.133.240 - - [10/Mar/2017:15:10:26 +0200] "GET /document/6/503_1.html HTTP/1.0" 404 1784 "-" "Mozilla/5.0 (compatible; Linux x86_64; Mail.RU_Bot/2.0; +http://go.mail.ru/help/robots)"
217.69.133.238 - - [10/Mar/2017:15:10:31 +0200] "GET /index.php HTTP/1.0" 200 16520 "-" "Mozilla/5.0 (compatible; Linux x86_64; Mail.RU_Bot/2.0; +http://go.mail.ru/help/robots)"
217.69.133.238 - - [10/Mar/2017:15:10:40 +0200] "GET /bukovina/6/68_1.html HTTP/1.0" 404 1784 "-" "Mozilla/5.0 (compatible; Linux x86_64; Mail.RU_Bot/2.0; +http://go.mail.ru/help/robots)"
217.69.133.235 - - [10/Mar/2017:15:10:45 +0200] "GET /document/8/417_1.html HTTP/1.0" 404 1784 "-" "Mozilla/5.0 (compatible; Linux x86_64; Mail.RU_Bot/2.0; +http://go.mail.ru/help/robots)"
217.69.133.239 - - [10/Mar/2017:15:10:50 +0200] "GET /document/1/88_1.html HTTP/1.0" 404 1784 "-" "Mozilla/5.0 (compatible; Linux x86_64; Mail.RU_Bot/2.0; +http://go.mail.ru/help/robots)"
217.69.133.236 - - [10/Mar/2017:15:10:56 +0200] "GET /document/31index.html HTTP/1.0" 404 1784 "-" "Mozilla/5.0 (compatible; Linux x86_64; Mail.RU_Bot/2.0; +http://go.mail.ru/help/robots)"
217.69.133.236 - - [10/Mar/2017:15:11:03 +0200] "GET /Health/Org1.htm HTTP/1.0" 404 1784 "-" "Mozilla/5.0 (compatible; Linux x86_64; Mail.RU_Bot/2.0; +http://go.mail.ru/help/robots)"
217.69.133.235 - - [10/Mar/2017:15:11:08 +0200] "GET /NJaremchuk/daryna.html HTTP/1.0" 404 1784 "-" "Mozilla/5.0 (compatible; Linux x86_64; Mail.RU_Bot/2.0; +http://go.mail.ru/help/robots)"
217.69.133.239 - - [10/Mar/2017:15:11:13 +0200] "GET /invest/doc/8/76_1.html HTTP/1.0" 404 1784 "-" "Mozilla/5.0 (compatible; Linux x86_64; Mail.RU_Bot/2.0; +http://go.mail.ru/help/robots)"
217.69.133.70 - - [10/Mar/2017:15:11:18 +0200] "GET /document/2/134_1.html HTTP/1.0" 404 1784 "-" "Mozilla/5.0 (compatible; Linux x86_64; Mail.RU_Bot/2.0; +http://go.mail.ru/help/robots)"
217.69.133.237 - - [10/Mar/2017:15:11:24 +0200] "GET /document/2/304_1.html HTTP/1.0" 404 1784 "-" "Mozilla/5.0 (compatible; Linux x86_64; Mail.RU_Bot/2.0; +http://go.mail.ru/help/robots)"
217.69.133.238 - - [10/Mar/2017:15:11:29 +0200] "GET /document/21index.html HTTP/1.0" 404 1784 "-" "Mozilla/5.0 (compatible; Linux x86_64; Mail.RU_Bot/2.0; +http://go.mail.ru/help/robots)"
217.69.133.238 - - [10/Mar/2017:15:11:34 +0200] "GET /document/2/325_1.html HTTP/1.0" 404 1784 "-" "Mozilla/5.0 (compatible; Linux x86_64; Mail.RU_Bot/2.0; +http://go.mail.ru/help/robots)"
217.69.133.234 - - [10/Mar/2017:15:11:40 +0200] "GET /invest/doc/5/54_2.html HTTP/1.0" 404 1784 "-" "Mozilla/5.0 (compatible; Linux x86_64; Mail.RU_Bot/2.0; +http://go.mail.ru/help/robots)"
217.69.133.238 - - [10/Mar/2017:15:11:45 +0200] "GET /document/6/505_1.html HTTP/1.0" 404 1784 "-" "Mozilla/5.0 (compatible; Linux x86_64; Mail.RU_Bot/2.0; +http://go.mail.ru/help/robots)"
217.69.133.240 - - [10/Mar/2017:15:11:51 +0200] "GET /economics/2/5_1.html HTTP/1.0" 404 1784 "-" "Mozilla/5.0 (compatible; Linux x86_64; Mail.RU_Bot/2.0; +http://go.mail.ru/help/robots)"
217.69.133.238 - - [10/Mar/2017:15:11:57 +0200] "GET /invest/doc/8/80_1.html HTTP/1.0" 404 1784 "-" "Mozilla/5.0 (compatible; Linux x86_64; Mail.RU_Bot/2.0; +http://go.mail.ru/help/robots)"
217.69.133.70 - - [10/Mar/2017:15:12:02 +0200] "GET /vlada/top.html HTTP/1.0" 404 1784 "-" "Mozilla/5.0 (compatible; Linux x86_64; Mail.RU_Bot/2.0; +http://go.mail.ru/help/robots)"
217.69.133.237 - - [10/Mar/2017:15:12:07 +0200] "GET /document/2/20index.html HTTP/1.0" 404 1784 "-" "Mozilla/5.0 (compatible; Linux x86_64; Mail.RU_Bot/2.0; +http://go.mail.ru/help/robots)"
217.69.133.235 - - [10/Mar/2017:15:12:12 +0200] "GET /document/6/161_1.html HTTP/1.0" 404 1784 "-" "Mozilla/5.0 (compatible; Linux x86_64; Mail.RU_Bot/2.0; +http://go.mail.ru/help/robots)"
217.69.133.240 - - [10/Mar/2017:15:12:18 +0200] "GET /bukovina/2index.html HTTP/1.0" 404 1784 "-" "Mozilla/5.0 (compatible; Linux x86_64; Mail.RU_Bot/2.0; +http://go.mail.ru/help/robots)"
217.69.133.236 - - [10/Mar/2017:15:12:23 +0200] "GET /tour/1/11_1.html HTTP/1.0" 404 1784 "-" "Mozilla/5.0 (compatible; Linux x86_64; Mail.RU_Bot/2.0; +http://go.mail.ru/help/robots)"
217.69.133.234 - - [10/Mar/2017:15:12:27 +0200] "GET /tour/1/19_1.html HTTP/1.0" 404 1784 "-" "Mozilla/5.0 (compatible; Linux x86_64; Mail.RU_Bot/2.0; +http://go.mail.ru/help/robots)"
217.69.133.234 - - [10/Mar/2017:15:12:33 +0200] "GET /bukovina/2/index.html HTTP/1.0" 404 1784 "-" "Mozilla/5.0 (compatible; Linux x86_64; Mail.RU_Bot/2.0; +http://go.mail.ru/help/robots)"
217.69.133.235 - - [10/Mar/2017:15:12:38 +0200] "GET /invest/doc/3/29_1.html HTTP/1.0" 404 1784 "-" "Mozilla/5.0 (compatible; Linux x86_64; Mail.RU_Bot/2.0; +http://go.mail.ru/help/robots)"
217.69.133.235 - - [10/Mar/2017:15:12:43 +0200] "GET /bukovina/9/25_1.html HTTP/1.0" 404 1784 "-" "Mozilla/5.0 (compatible; Linux x86_64; Mail.RU_Bot/2.0; +http://go.mail.ru/help/robots)"
141.8.184.27 - - [10/Mar/2017:15:21:52 +0200] "GET /index.php/photogalery/36-rekolektsii-dlia-ditei-polshcha-brenna-2011/detail/501-2012-07-04-15-08-52.html?tmpl=component&phocadownload=2 HTTP/1.0" 200 46808 "-" "Mozilla/5.0 (compatible; YandexImages/3.0; +http://yandex.com/bots)"
164.132.161.87 - - [10/Mar/2017:15:25:58 +0200] "GET /bukovina/5/40_1.html HTTP/1.0" 404 1784 "-" "Mozilla/5.0 (compatible; AhrefsBot/5.2; +http://ahrefs.com/robot/)"
194.44.128.154 - - [10/Mar/2017:15:31:13 +0200] "GET / HTTP/1.0" 200 16488 "http://www.bucoda.cv.ua/" "Mozilla/5.0 (Windows NT 6.1) AppleWebKit/537.36 (KHTML, like Gecko) Chrome/56.0.2924.87 Safari/537.36 OPR/43.0.2442.1144"
194.44.128.154 - - [10/Mar/2017:15:31:15 +0200] "GET / HTTP/1.0" 200 16495 "http://www.bucoda.cv.ua/" "Mozilla/5.0 (Windows NT 6.1) AppleWebKit/537.36 (KHTML, like Gecko) Chrome/56.0.2924.87 Safari/537.36 OPR/43.0.2442.1144"
194.44.128.154 - - [10/Mar/2017:15:31:44 +0200] "GET /index.php/news/item/848-pid-materinskim-pokrovom-divi-mariyi.html HTTP/1.0" 200 15433 "http://www.bucoda.cv.ua/" "Mozilla/5.0 (Windows NT 6.1) AppleWebKit/537.36 (KHTML, like Gecko) Chrome/56.0.2924.87 Safari/537.36 OPR/43.0.2442.1144"
207.46.13.206 - - [10/Mar/2017:15:31:55 +0200] "GET /robots.txt HTTP/1.0" 200 1151 "-" "Mozilla/5.0 (compatible; bingbot/2.0; +http://www.bing.com/bingbot.htm)"
37.54.183.111 - - [10/Mar/2017:15:38:12 +0200] "GET /index.php/news/item/848-pid-materinskim-pokrovom-divi-mariyi.html HTTP/1.0" 302 - "http://m.facebook.com/" "Mozilla/5.0 (Linux; Android 5.0.1; 8070 Build/LRX21M; wv) AppleWebKit/537.36 (KHTML, like Gecko) Version/4.0 Chrome/56.0.2924.87 Safari/537.36 [FB_IAB/FB4A;FBAV/114.0.0.20.70;]"
141.8.184.27 - - [10/Mar/2017:15:39:38 +0200] "GET /robots.txt HTTP/1.0" 200 1151 "-" "Mozilla/5.0 (compatible; YandexBot/3.0; +http://yandex.com/bots)"
141.8.184.27 - - [10/Mar/2017:15:39:39 +0200] "GET /robots.txt HTTP/1.0" 200 1151 "-" "Mozilla/5.0 (compatible; YandexBot/3.0; +http://yandex.com/bots)"
130.193.51.9 - - [10/Mar/2017:15:39:38 +0200] "GET / HTTP/1.0" 200 16525 "-" "Mozilla/5.0 (compatible; YandexBot/3.0; +http://yandex.com/bots)"
141.8.184.27 - - [10/Mar/2017:15:39:42 +0200] "GET / HTTP/1.0" 200 16532 "-" "Mozilla/5.0 (compatible; YandexBot/3.0; +http://yandex.com/bots)"
130.193.37.26 - - [10/Mar/2017:15:39:42 +0200] "GET / HTTP/1.0" 200 16501 "-" "Mozilla/5.0 (compatible; YandexBot/3.0; +http://yandex.com/bots)"
130.193.37.26 - - [10/Mar/2017:15:39:43 +0200] "GET / HTTP/1.0" 200 16555 "-" "Mozilla/5.0 (compatible; YandexBot/3.0; +http://yandex.com/bots)"
130.193.37.26 - - [10/Mar/2017:15:39:47 +0200] "GET / HTTP/1.0" 200 16538 "-" "Mozilla/5.0 (compatible; YandexBot/3.0; +http://yandex.com/bots)"
130.193.51.9 - - [10/Mar/2017:15:39:48 +0200] "GET / HTTP/1.0" 200 16475 "-" "Mozilla/5.0 (compatible; YandexBot/3.0; +http://yandex.com/bots)"
188.191.20.192 - - [10/Mar/2017:15:40:19 +0200] "GET /index.php/news/item/848-pid-materinskim-pokrovom-divi-mariyi.html HTTP/1.0" 200 15431 "http://rkc.lviv.ua/news_view-Pid_materunskum_pokrovom_Divu_Marii__Vseukrainskuj_Den_zoseredzhennya_Ruxu_Nazaretskux_rodun-ua" "Mozilla/5.0 (Macintosh; Intel Mac OS X 10_10_5) AppleWebKit/537.36 (KHTML, like Gecko) Chrome/56.0.2924.87 Safari/537.36"
37.55.200.72 - - [10/Mar/2017:15:45:28 +0200] "GET / HTTP/1.0" 200 16489 "-" "Mozilla/5.0 (Windows NT 6.1; WOW64) AppleWebKit/537.36 (KHTML, like Gecko) Chrome/56.0.2924.87 Safari/537.36 OPR/43.0.2442.1144"
37.55.200.72 - - [10/Mar/2017:15:45:30 +0200] "GET / HTTP/1.0" 200 16514 "-" "Mozilla/5.0 (Windows NT 6.1; WOW64) AppleWebKit/537.36 (KHTML, like Gecko) Chrome/56.0.2924.87 Safari/537.36 OPR/43.0.2442.1144"
37.55.200.72 - - [10/Mar/2017:15:45:40 +0200] "GET /index.php/news/item/848-pid-materinskim-pokrovom-divi-mariyi.html HTTP/1.0" 200 15439 "http://www.bucoda.cv.ua/" "Mozilla/5.0 (Windows NT 6.1; WOW64) AppleWebKit/537.36 (KHTML, like Gecko) Chrome/56.0.2924.87 Safari/537.36 OPR/43.0.2442.1144"
188.191.239.1 - - [10/Mar/2017:15:46:16 +0200] "GET /index.php/news/item/848-pid-materinskim-pokrovom-divi-mariyi.html HTTP/1.0" 302 - "http://m.facebook.com/" "Mozilla/5.0 (Linux; Android 4.4.2; GT-N7100 Build/KOT49H) AppleWebKit/537.36 (KHTML, like Gecko) Version/4.0 Chrome/30.0.0.0 Mobile Safari/537.36 [FB_IAB/FB4A;FBAV/114.0.0.20.70;]"
37.55.200.72 - - [10/Mar/2017:15:46:14 +0200] "GET /index.php/communities.html HTTP/1.0" 200 13015 "http://www.bucoda.cv.ua/index.php/news/item/848-pid-materinskim-pokrovom-divi-mariyi.html" "Mozilla/5.0 (Windows NT 6.1; WOW64) AppleWebKit/537.36 (KHTML, like Gecko) Chrome/56.0.2924.87 Safari/537.36 OPR/43.0.2442.1144"
